[     208ms] [WARNING] Carbon for IBM Products (WARNING): Component "InterstitialScreen" enabled via feature flags. This component has not yet completed its review process. @ https://w3.ibm.com/assets/index-CGOK6XBv.js:908
[     208ms] [WARNING] Carbon for IBM Products (WARNING): Component "InterstitialScreenView" enabled via feature flags. This component has not yet completed its review process. @ https://w3.ibm.com/assets/index-CGOK6XBv.js:908
[     208ms] [WARNING] Carbon for IBM Products (WARNING): Component "InterstitialScreenViewModule" enabled via feature flags. This component has not yet completed its review process. @ https://w3.ibm.com/assets/index-CGOK6XBv.js:908
[     209ms] [WARNING] Carbon for IBM Products (WARNING): Component "Coachmark" enabled via feature flags. This component has not yet completed its review process. @ https://w3.ibm.com/assets/index-CGOK6XBv.js:908
[     209ms] [WARNING] Carbon for IBM Products (WARNING): Component "CoachmarkBeacon" enabled via feature flags. This component has not yet completed its review process. @ https://w3.ibm.com/assets/index-CGOK6XBv.js:908
[     209ms] [WARNING] Carbon for IBM Products (WARNING): Component "CoachmarkButton" enabled via feature flags. This component has not yet completed its review process. @ https://w3.ibm.com/assets/index-CGOK6XBv.js:908
[     209ms] [WARNING] Carbon for IBM Products (WARNING): Component "CoachmarkOverlayElement" enabled via feature flags. This component has not yet completed its review process. @ https://w3.ibm.com/assets/index-CGOK6XBv.js:908
[     209ms] [WARNING] Carbon for IBM Products (WARNING): Component "CoachmarkOverlayElements" enabled via feature flags. This component has not yet completed its review process. @ https://w3.ibm.com/assets/index-CGOK6XBv.js:908
[     209ms] [WARNING] Carbon for IBM Products (WARNING): Component "Guidebanner" enabled via feature flags. This component has not yet completed its review process. @ https://w3.ibm.com/assets/index-CGOK6XBv.js:908
[     210ms] [WARNING] Carbon for IBM Products (WARNING): Component "GuidebannerElement" enabled via feature flags. This component has not yet completed its review process. @ https://w3.ibm.com/assets/index-CGOK6XBv.js:908
[     210ms] [WARNING] Carbon for IBM Products (WARNING): Component "InlineTip" enabled via feature flags. This component has not yet completed its review process. @ https://w3.ibm.com/assets/index-CGOK6XBv.js:908
[     212ms] [WARNING] An error occurred! For more details, see the full error text at https://go.apollo.dev/c/err#%7B%22version%22%3A%223.14.1%22%2C%22message%22%3A103%2C%22args%22%3A%5B%22useLazyQuery%22%2C%22onCompleted%22%2C%22If%20your%20%60onCompleted%60%20callback%20sets%20local%20state%2C%20switch%20to%20use%20derived%20state%20using%20%60data%60%20returned%20from%20the%20hook%20instead.%20Use%20%60useEffect%60%20to%20perform%20side-effects%20as%20a%20result%20of%20updates%20to%20%60data%60.%22%5D%7D @ https://w3.ibm.com/assets/index-CGOK6XBv.js:193
[     212ms] [WARNING] An error occurred! For more details, see the full error text at https://go.apollo.dev/c/err#%7B%22version%22%3A%223.14.1%22%2C%22message%22%3A103%2C%22args%22%3A%5B%22useLazyQuery%22%2C%22onError%22%2C%22If%20your%20%60onError%60%20callback%20sets%20local%20state%2C%20switch%20to%20use%20derived%20state%20using%20%60data%60%2C%20%60error%60%20or%20%60errors%60%20returned%20from%20the%20hook%20instead.%20Use%20%60useEffect%60%20if%20you%20need%20to%20perform%20side-effects%20as%20a%20result%20of%20updates%20to%20%60data%60%2C%20%60error%60%20or%20%60errors%60.%22%5D%7D @ https://w3.ibm.com/assets/index-CGOK6XBv.js:193
[     214ms] [WARNING] An error occurred! For more details, see the full error text at https://go.apollo.dev/c/err#%7B%22version%22%3A%223.14.1%22%2C%22message%22%3A103%2C%22args%22%3A%5B%22useLazyQuery%22%2C%22onCompleted%22%2C%22If%20your%20%60onCompleted%60%20callback%20sets%20local%20state%2C%20switch%20to%20use%20derived%20state%20using%20%60data%60%20returned%20from%20the%20hook%20instead.%20Use%20%60useEffect%60%20to%20perform%20side-effects%20as%20a%20result%20of%20updates%20to%20%60data%60.%22%5D%7D @ https://w3.ibm.com/assets/index-CGOK6XBv.js:193
[     214ms] [WARNING] An error occurred! For more details, see the full error text at https://go.apollo.dev/c/err#%7B%22version%22%3A%223.14.1%22%2C%22message%22%3A103%2C%22args%22%3A%5B%22useLazyQuery%22%2C%22onError%22%2C%22If%20your%20%60onError%60%20callback%20sets%20local%20state%2C%20switch%20to%20use%20derived%20state%20using%20%60data%60%2C%20%60error%60%20or%20%60errors%60%20returned%20from%20the%20hook%20instead.%20Use%20%60useEffect%60%20if%20you%20need%20to%20perform%20side-effects%20as%20a%20result%20of%20updates%20to%20%60data%60%2C%20%60error%60%20or%20%60errors%60.%22%5D%7D @ https://w3.ibm.com/assets/index-CGOK6XBv.js:193
[     214ms] [WARNING] An error occurred! For more details, see the full error text at https://go.apollo.dev/c/err#%7B%22version%22%3A%223.14.1%22%2C%22message%22%3A103%2C%22args%22%3A%5B%22useLazyQuery%22%2C%22variables%22%2C%22Pass%20all%20%60variables%60%20to%20the%20returned%20%60execute%60%20function%20instead.%22%5D%7D @ https://w3.ibm.com/assets/index-CGOK6XBv.js:193
[     214ms] [WARNING] An error occurred! For more details, see the full error text at https://go.apollo.dev/c/err#%7B%22version%22%3A%223.14.1%22%2C%22message%22%3A103%2C%22args%22%3A%5B%22useLazyQuery%22%2C%22onCompleted%22%2C%22If%20your%20%60onCompleted%60%20callback%20sets%20local%20state%2C%20switch%20to%20use%20derived%20state%20using%20%60data%60%20returned%20from%20the%20hook%20instead.%20Use%20%60useEffect%60%20to%20perform%20side-effects%20as%20a%20result%20of%20updates%20to%20%60data%60.%22%5D%7D @ https://w3.ibm.com/assets/index-CGOK6XBv.js:193
[     216ms] [WARNING] No `HydrateFallback` element provided to render during initial hydration @ https://w3.ibm.com/assets/index-CGOK6XBv.js:49
[   10192ms] [LOG] Download the Apollo DevTools for a better development experience: %s https://chrome.google.com/webstore/detail/apollo-client-developer-t/jdkknkkbebbapilgoeccciglkfbmbnfm @ https://w3.ibm.com/assets/index-CGOK6XBv.js:193
[   15206ms] [INFO] %c BeeHeard %c 111 color: white; background: blue;  @ :0
[   15206ms] [INFO] %c BeeHeard Initialized (w3) %c color: white; background: blue;  @ https://w3.ibm.com/assets/index-CGOK6XBv.js:890
[  111959ms] [WARNING] An error occurred! For more details, see the full error text at https://go.apollo.dev/c/err#%7B%22version%22%3A%223.14.1%22%2C%22message%22%3A103%2C%22args%22%3A%5B%22useLazyQuery%22%2C%22variables%22%2C%22Pass%20all%20%60variables%60%20to%20the%20returned%20%60execute%60%20function%20instead.%22%5D%7D @ https://w3.ibm.com/assets/index-CGOK6XBv.js:193
[  111959ms] [WARNING] An error occurred! For more details, see the full error text at https://go.apollo.dev/c/err#%7B%22version%22%3A%223.14.1%22%2C%22message%22%3A103%2C%22args%22%3A%5B%22useLazyQuery%22%2C%22onCompleted%22%2C%22If%20your%20%60onCompleted%60%20callback%20sets%20local%20state%2C%20switch%20to%20use%20derived%20state%20using%20%60data%60%20returned%20from%20the%20hook%20instead.%20Use%20%60useEffect%60%20to%20perform%20side-effects%20as%20a%20result%20of%20updates%20to%20%60data%60.%22%5D%7D @ https://w3.ibm.com/assets/index-CGOK6XBv.js:193
[  111959ms] [WARNING] An error occurred! For more details, see the full error text at https://go.apollo.dev/c/err#%7B%22version%22%3A%223.14.1%22%2C%22message%22%3A103%2C%22args%22%3A%5B%22useLazyQuery%22%2C%22onError%22%2C%22If%20your%20%60onError%60%20callback%20sets%20local%20state%2C%20switch%20to%20use%20derived%20state%20using%20%60data%60%2C%20%60error%60%20or%20%60errors%60%20returned%20from%20the%20hook%20instead.%20Use%20%60useEffect%60%20if%20you%20need%20to%20perform%20side-effects%20as%20a%20result%20of%20updates%20to%20%60data%60%2C%20%60error%60%20or%20%60errors%60.%22%5D%7D @ https://w3.ibm.com/assets/index-CGOK6XBv.js:193
[  111961ms] [WARNING] An error occurred! For more details, see the full error text at https://go.apollo.dev/c/err#%7B%22version%22%3A%223.14.1%22%2C%22message%22%3A103%2C%22args%22%3A%5B%22useLazyQuery%22%2C%22variables%22%2C%22Pass%20all%20%60variables%60%20to%20the%20returned%20%60execute%60%20function%20instead.%22%5D%7D @ https://w3.ibm.com/assets/index-CGOK6XBv.js:193
[  111982ms] [WARNING] An error occurred! For more details, see the full error text at https://go.apollo.dev/c/err#%7B%22version%22%3A%223.14.1%22%2C%22message%22%3A103%2C%22args%22%3A%5B%22useLazyQuery%22%2C%22variables%22%2C%22Pass%20all%20%60variables%60%20to%20the%20returned%20%60execute%60%20function%20instead.%22%5D%7D @ https://w3.ibm.com/assets/index-CGOK6XBv.js:193
[  111994ms] [WARNING] An error occurred! For more details, see the full error text at https://go.apollo.dev/c/err#%7B%22version%22%3A%223.14.1%22%2C%22message%22%3A103%2C%22args%22%3A%5B%22useLazyQuery%22%2C%22variables%22%2C%22Pass%20all%20%60variables%60%20to%20the%20returned%20%60execute%60%20function%20instead.%22%5D%7D @ https://w3.ibm.com/assets/index-CGOK6XBv.js:193
[  112015ms] [WARNING] An error occurred! For more details, see the full error text at https://go.apollo.dev/c/err#%7B%22version%22%3A%223.14.1%22%2C%22message%22%3A103%2C%22args%22%3A%5B%22useLazyQuery%22%2C%22variables%22%2C%22Pass%20all%20%60variables%60%20to%20the%20returned%20%60execute%60%20function%20instead.%22%5D%7D @ https://w3.ibm.com/assets/index-CGOK6XBv.js:193
[  112022ms] [WARNING] An error occurred! For more details, see the full error text at https://go.apollo.dev/c/err#%7B%22version%22%3A%223.14.1%22%2C%22message%22%3A103%2C%22args%22%3A%5B%22useLazyQuery%22%2C%22variables%22%2C%22Pass%20all%20%60variables%60%20to%20the%20returned%20%60execute%60%20function%20instead.%22%5D%7D @ https://w3.ibm.com/assets/index-CGOK6XBv.js:193
[  112033ms] [WARNING] An error occurred! For more details, see the full error text at https://go.apollo.dev/c/err#%7B%22version%22%3A%223.14.1%22%2C%22message%22%3A103%2C%22args%22%3A%5B%22useLazyQuery%22%2C%22variables%22%2C%22Pass%20all%20%60variables%60%20to%20the%20returned%20%60execute%60%20function%20instead.%22%5D%7D @ https://w3.ibm.com/assets/index-CGOK6XBv.js:193
[  112034ms] [WARNING] An error occurred! For more details, see the full error text at https://go.apollo.dev/c/err#%7B%22version%22%3A%223.14.1%22%2C%22message%22%3A103%2C%22args%22%3A%5B%22useQuery%22%2C%22onCompleted%22%2C%22If%20your%20%60onCompleted%60%20callback%20sets%20local%20state%2C%20switch%20to%20use%20derived%20state%20using%20%60data%60%20returned%20from%20the%20hook%20instead.%20Use%20%60useEffect%60%20to%20perform%20side-effects%20as%20a%20result%20of%20updates%20to%20%60data%60.%22%5D%7D @ https://w3.ibm.com/assets/index-CGOK6XBv.js:193
[  112035ms] [WARNING] An error occurred! For more details, see the full error text at https://go.apollo.dev/c/err#%7B%22version%22%3A%223.14.1%22%2C%22message%22%3A103%2C%22args%22%3A%5B%22useQuery%22%2C%22onCompleted%22%2C%22If%20your%20%60onCompleted%60%20callback%20sets%20local%20state%2C%20switch%20to%20use%20derived%20state%20using%20%60data%60%20returned%20from%20the%20hook%20instead.%20Use%20%60useEffect%60%20to%20perform%20side-effects%20as%20a%20result%20of%20updates%20to%20%60data%60.%22%5D%7D @ https://w3.ibm.com/assets/index-CGOK6XBv.js:193
[  112035ms] [WARNING] An error occurred! For more details, see the full error text at https://go.apollo.dev/c/err#%7B%22version%22%3A%223.14.1%22%2C%22message%22%3A103%2C%22args%22%3A%5B%22useQuery%22%2C%22onError%22%2C%22If%20your%20%60onError%60%20callback%20sets%20local%20state%2C%20switch%20to%20use%20derived%20state%20using%20%60data%60%2C%20%60error%60%20or%20%60errors%60%20returned%20from%20the%20hook%20instead.%20Use%20%60useEffect%60%20if%20you%20need%20to%20perform%20side-effects%20as%20a%20result%20of%20updates%20to%20%60data%60%2C%20%60error%60%20or%20%60errors%60.%22%5D%7D @ https://w3.ibm.com/assets/index-CGOK6XBv.js:193
[  112036ms] [WARNING] An error occurred! For more details, see the full error text at https://go.apollo.dev/c/err#%7B%22version%22%3A%223.14.1%22%2C%22message%22%3A103%2C%22args%22%3A%5B%22useLazyQuery%22%2C%22variables%22%2C%22Pass%20all%20%60variables%60%20to%20the%20returned%20%60execute%60%20function%20instead.%22%5D%7D @ https://w3.ibm.com/assets/index-CGOK6XBv.js:193
[  112039ms] [WARNING] An error occurred! For more details, see the full error text at https://go.apollo.dev/c/err#%7B%22version%22%3A%223.14.1%22%2C%22message%22%3A103%2C%22args%22%3A%5B%22useLazyQuery%22%2C%22variables%22%2C%22Pass%20all%20%60variables%60%20to%20the%20returned%20%60execute%60%20function%20instead.%22%5D%7D @ https://w3.ibm.com/assets/index-CGOK6XBv.js:193
[  112041ms] [WARNING] An error occurred! For more details, see the full error text at https://go.apollo.dev/c/err#%7B%22version%22%3A%223.14.1%22%2C%22message%22%3A103%2C%22args%22%3A%5B%22useLazyQuery%22%2C%22variables%22%2C%22Pass%20all%20%60variables%60%20to%20the%20returned%20%60execute%60%20function%20instead.%22%5D%7D @ https://w3.ibm.com/assets/index-CGOK6XBv.js:193
[  112093ms] [WARNING] An error occurred! For more details, see the full error text at https://go.apollo.dev/c/err#%7B%22version%22%3A%223.14.1%22%2C%22message%22%3A103%2C%22args%22%3A%5B%22useLazyQuery%22%2C%22variables%22%2C%22Pass%20all%20%60variables%60%20to%20the%20returned%20%60execute%60%20function%20instead.%22%5D%7D @ https://w3.ibm.com/assets/index-CGOK6XBv.js:193
[  112190ms] [WARNING] An error occurred! For more details, see the full error text at https://go.apollo.dev/c/err#%7B%22version%22%3A%223.14.1%22%2C%22message%22%3A103%2C%22args%22%3A%5B%22useLazyQuery.execute%22%2C%22onError%22%2C%22Please%20remove%20this%20option.%22%5D%7D @ https://w3.ibm.com/assets/index-CGOK6XBv.js:193
[  112236ms] [WARNING] An error occurred! For more details, see the full error text at https://go.apollo.dev/c/err#%7B%22version%22%3A%223.14.1%22%2C%22message%22%3A103%2C%22args%22%3A%5B%22useLazyQuery.execute%22%2C%22notifyOnNetworkStatusChange%22%2C%22Please%20pass%20the%20option%20to%20the%20%60useLazyQuery%60%20hook%20instead.%22%5D%7D @ https://w3.ibm.com/assets/index-CGOK6XBv.js:193
[  112269ms] [WARNING] An error occurred! For more details, see the full error text at https://go.apollo.dev/c/err#%7B%22version%22%3A%223.14.1%22%2C%22message%22%3A103%2C%22args%22%3A%5B%22useLazyQuery.execute%22%2C%22onCompleted%22%2C%22Please%20remove%20this%20option.%22%5D%7D @ https://w3.ibm.com/assets/index-CGOK6XBv.js:193
[  112270ms] [WARNING] An error occurred! For more details, see the full error text at https://go.apollo.dev/c/err#%7B%22version%22%3A%223.14.1%22%2C%22message%22%3A103%2C%22args%22%3A%5B%22useLazyQuery.execute%22%2C%22onError%22%2C%22Please%20remove%20this%20option.%22%5D%7D @ https://w3.ibm.com/assets/index-CGOK6XBv.js:193
[  112270ms] [WARNING] An error occurred! For more details, see the full error text at https://go.apollo.dev/c/err#%7B%22version%22%3A%223.14.1%22%2C%22message%22%3A103%2C%22args%22%3A%5B%22useLazyQuery.execute%22%2C%22fetchPolicy%22%2C%22Please%20pass%20the%20option%20to%20the%20%60useLazyQuery%60%20hook%20instead.%22%5D%7D @ https://w3.ibm.com/assets/index-CGOK6XBv.js:193
[  112270ms] [WARNING] An error occurred! For more details, see the full error text at https://go.apollo.dev/c/err#%7B%22version%22%3A%223.14.1%22%2C%22message%22%3A103%2C%22args%22%3A%5B%22useLazyQuery.execute%22%2C%22errorPolicy%22%2C%22Please%20pass%20the%20option%20to%20the%20%60useLazyQuery%60%20hook%20instead.%22%5D%7D @ https://w3.ibm.com/assets/index-CGOK6XBv.js:193
[  114765ms] [WARNING] An error occurred! For more details, see the full error text at https://go.apollo.dev/c/err#%7B%22version%22%3A%223.14.1%22%2C%22message%22%3A103%2C%22args%22%3A%5B%22useLazyQuery%22%2C%22variables%22%2C%22Pass%20all%20%60variables%60%20to%20the%20returned%20%60execute%60%20function%20instead.%22%5D%7D @ https://w3.ibm.com/assets/index-CGOK6XBv.js:193
[  121394ms] [INFO] %c BeeHeard %c 156 color: white; background: blue;  @ :0
[  121394ms] [INFO] %c BeeHeard Initialized (w3) %c color: white; background: blue;  @ https://w3.ibm.com/assets/index-CGOK6XBv.js:890
[  122070ms] [ERROR] An unknown error occurred when fetching the script. @ :0
[  122079ms] Failed to register a ServiceWorker for scope ('https://w3.ibm.com/') with script ('https://w3.ibm.com/sw.js'): An unknown error occurred when fetching the script.
[  128317ms] [WARNING] An error occurred! For more details, see the full error text at https://go.apollo.dev/c/err#%7B%22version%22%3A%223.14.1%22%2C%22message%22%3A103%2C%22args%22%3A%5B%22useLazyQuery%22%2C%22variables%22%2C%22Pass%20all%20%60variables%60%20to%20the%20returned%20%60execute%60%20function%20instead.%22%5D%7D @ https://w3.ibm.com/assets/index-CGOK6XBv.js:193
[  128456ms] [WARNING] An error occurred! For more details, see the full error text at https://go.apollo.dev/c/err#%7B%22version%22%3A%223.14.1%22%2C%22message%22%3A103%2C%22args%22%3A%5B%22useLazyQuery%22%2C%22variables%22%2C%22Pass%20all%20%60variables%60%20to%20the%20returned%20%60execute%60%20function%20instead.%22%5D%7D @ https://w3.ibm.com/assets/index-CGOK6XBv.js:193
[  142246ms] [ERROR] Failed to load resource: net::ERR_TIMED_OUT @ https://mail-check.w3-globals.dal.app.cirrus.ibm.com/check/campaigns/device-refresh/mproctor@ibm.com:0
[  142246ms] [ERROR] TypeError: Failed to fetch
    at checkIsRefreshAvailableForUser (https://w3.ibm.com/assets/index-CGOK6XBv.js:4150:5258)
    at https://w3.ibm.com/assets/index-CGOK6XBv.js:4150:7689
    at Qj (https://w3.ibm.com/assets/index-CGOK6XBv.js:41:26723)
    at Hk (https://w3.ibm.com/assets/index-CGOK6XBv.js:41:46763)
    at Wk (https://w3.ibm.com/assets/index-CGOK6XBv.js:41:45456)
    at Pk (https://w3.ibm.com/assets/index-CGOK6XBv.js:41:44414)
    at Ek (https://w3.ibm.com/assets/index-CGOK6XBv.js:41:40664)
    at jg (https://w3.ibm.com/assets/index-CGOK6XBv.js:39:3536)
    at https://w3.ibm.com/assets/index-CGOK6XBv.js:41:37744 @ https://w3.ibm.com/assets/index-CGOK6XBv.js:4149
[  142246ms] [ERROR] Failed to load resource: net::ERR_TIMED_OUT @ https://mail-check.w3-globals.dal.app.cirrus.ibm.com/check/ask-ibm-context/mproctor@ibm.com:0
[  142247ms] [ERROR] TypeError: Failed to fetch
    at checkAskIBMContext (https://w3.ibm.com/assets/index-CGOK6XBv.js:4150:4869)
    at https://w3.ibm.com/assets/index-CGOK6XBv.js:4150:7682
    at Qj (https://w3.ibm.com/assets/index-CGOK6XBv.js:41:26723)
    at Hk (https://w3.ibm.com/assets/index-CGOK6XBv.js:41:46763)
    at Wk (https://w3.ibm.com/assets/index-CGOK6XBv.js:41:45456)
    at Pk (https://w3.ibm.com/assets/index-CGOK6XBv.js:41:44414)
    at Ek (https://w3.ibm.com/assets/index-CGOK6XBv.js:41:40664)
    at jg (https://w3.ibm.com/assets/index-CGOK6XBv.js:39:3536)
    at https://w3.ibm.com/assets/index-CGOK6XBv.js:41:37744 @ https://w3.ibm.com/assets/index-CGOK6XBv.js:4149
[  142247ms] [ERROR] Failed to load resource: net::ERR_TIMED_OUT @ https://mail-check.w3-globals.dal.app.cirrus.ibm.com/check/campaigns/lists/mproctor@ibm.com:0
[  142247ms] [ERROR] TypeError: Failed to fetch
    at checkUserEmailCampaignList (https://w3.ibm.com/assets/index-CGOK6XBv.js:4150:5060)
    at https://w3.ibm.com/assets/index-CGOK6XBv.js:4150:7696
    at Qj (https://w3.ibm.com/assets/index-CGOK6XBv.js:41:26723)
    at Hk (https://w3.ibm.com/assets/index-CGOK6XBv.js:41:46763)
    at Wk (https://w3.ibm.com/assets/index-CGOK6XBv.js:41:45456)
    at Pk (https://w3.ibm.com/assets/index-CGOK6XBv.js:41:44414)
    at Ek (https://w3.ibm.com/assets/index-CGOK6XBv.js:41:40664)
    at jg (https://w3.ibm.com/assets/index-CGOK6XBv.js:39:3536)
    at https://w3.ibm.com/assets/index-CGOK6XBv.js:41:37744 @ https://w3.ibm.com/assets/index-CGOK6XBv.js:4149
[  142247ms] [ERROR] Failed to load resource: net::ERR_TIMED_OUT @ https://mail-check.w3-globals.dal.app.cirrus.ibm.com/check/yourlearning/mproctor@ibm.com:0
[  142247ms] [ERROR] TypeError: Failed to fetch
    at tt (https://w3.ibm.com/assets/index-CGOK6XBv.js:4150:4465)
    at https://w3.ibm.com/assets/index-CGOK6XBv.js:4150:7675
    at Qj (https://w3.ibm.com/assets/index-CGOK6XBv.js:41:26723)
    at Hk (https://w3.ibm.com/assets/index-CGOK6XBv.js:41:46763)
    at Wk (https://w3.ibm.com/assets/index-CGOK6XBv.js:41:45456)
    at Pk (https://w3.ibm.com/assets/index-CGOK6XBv.js:41:44414)
    at Ek (https://w3.ibm.com/assets/index-CGOK6XBv.js:41:40664)
    at jg (https://w3.ibm.com/assets/index-CGOK6XBv.js:39:3536)
    at https://w3.ibm.com/assets/index-CGOK6XBv.js:41:37744 @ https://w3.ibm.com/assets/index-CGOK6XBv.js:4149
[  142254ms] [ERROR] Failed to load resource: net::ERR_TIMED_OUT @ https://mail-check.w3-globals.dal.app.cirrus.ibm.com/check/ask-ibm/mproctor@ibm.com:0
[  142254ms] [ERROR] TypeError: Failed to fetch
    at checkCanViewAskIBMGen2 (https://w3.ibm.com/assets/index-CGOK6XBv.js:4150:5463)
    at https://w3.ibm.com/assets/index-CGOK6XBv.js:4150:7703
    at Qj (https://w3.ibm.com/assets/index-CGOK6XBv.js:41:26723)
    at Hk (https://w3.ibm.com/assets/index-CGOK6XBv.js:41:46763)
    at Wk (https://w3.ibm.com/assets/index-CGOK6XBv.js:41:45456)
    at Pk (https://w3.ibm.com/assets/index-CGOK6XBv.js:41:44414)
    at Ek (https://w3.ibm.com/assets/index-CGOK6XBv.js:41:40664)
    at jg (https://w3.ibm.com/assets/index-CGOK6XBv.js:39:3536)
    at https://w3.ibm.com/assets/index-CGOK6XBv.js:41:37744 @ https://w3.ibm.com/assets/index-CGOK6XBv.js:4149
[  142255ms] [ERROR] Failed to load resource: net::ERR_TIMED_OUT @ https://mail-check.w3-globals.dal.app.cirrus.ibm.com/check/passkeys/mproctor@ibm.com:0
[  142255ms] [ERROR] TypeError: Failed to fetch
    at checkPasskeysList (https://w3.ibm.com/assets/index-CGOK6XBv.js:4150:5633)
    at https://w3.ibm.com/assets/index-CGOK6XBv.js:4150:7710
    at Qj (https://w3.ibm.com/assets/index-CGOK6XBv.js:41:26723)
    at Hk (https://w3.ibm.com/assets/index-CGOK6XBv.js:41:46763)
    at Wk (https://w3.ibm.com/assets/index-CGOK6XBv.js:41:45456)
    at Pk (https://w3.ibm.com/assets/index-CGOK6XBv.js:41:44414)
    at Ek (https://w3.ibm.com/assets/index-CGOK6XBv.js:41:40664)
    at jg (https://w3.ibm.com/assets/index-CGOK6XBv.js:39:3536)
    at https://w3.ibm.com/assets/index-CGOK6XBv.js:41:37744 @ https://w3.ibm.com/assets/index-CGOK6XBv.js:4149
[  152402ms] [ERROR] Failed to load resource: net::ERR_TIMED_OUT @ https://w3.ibm.com/assets/index-nkrHdRNY.css:0
[  152409ms] [ERROR] Failed to load resource: net::ERR_TIMED_OUT @ https://w3.ibm.com/assets/index-DBQfk6RF.css:0
[  152410ms] [ERROR] Failed to load resource: net::ERR_TIMED_OUT @ https://w3.ibm.com/assets/askibmhero-Cf0Tk-Wf.png:0
[  152457ms] [ERROR] Error: Unable to preload CSS for /assets/index-nkrHdRNY.css
    at HTMLLinkElement.<anonymous> (https://w3.ibm.com/assets/index-CGOK6XBv.js:82:1803) @ https://w3.ibm.com/assets/index-CGOK6XBv.js:40
[  152457ms] [ERROR] React Router caught the following error during render Error: Unable to preload CSS for /assets/index-nkrHdRNY.css
    at HTMLLinkElement.<anonymous> (https://w3.ibm.com/assets/index-CGOK6XBv.js:82:1803) @ https://w3.ibm.com/assets/index-CGOK6XBv.js:52
[  152458ms] [ERROR] Error: Unable to preload CSS for /assets/index-DBQfk6RF.css
    at HTMLLinkElement.<anonymous> (https://w3.ibm.com/assets/index-CGOK6XBv.js:82:1803) @ https://w3.ibm.com/assets/index-CGOK6XBv.js:40
[  152458ms] [ERROR] React Router caught the following error during render Error: Unable to preload CSS for /assets/index-DBQfk6RF.css
    at HTMLLinkElement.<anonymous> (https://w3.ibm.com/assets/index-CGOK6XBv.js:82:1803) @ https://w3.ibm.com/assets/index-CGOK6XBv.js:52
