[     440ms] [WARNING] Lit is in dev mode. Not recommended for production! See https://lit.dev/msg/dev-mode for more information. @ http://localhost:8090/@vite/client:524
[    7065ms] [WARNING] Element qhorus-channel-feed scheduled an update (generally because a property was set) after an update completed, causing a new update to be scheduled. This is inefficient and should be avoided unless the next update can only be scheduled as a side effect of the previous update. See https://lit.dev/msg/change-in-update for more information. @ http://localhost:8090/@vite/client:524
[ 1804218ms] [LOG] [vite] server connection lost. Polling for restart... @ http://localhost:8090/@vite/client:992
[ 1804596ms] [WARNING] Lit is in dev mode. Not recommended for production! See https://lit.dev/msg/dev-mode for more information. @ http://localhost:8090/@vite/client:524
[24372033ms] [WARNING] Lit is in dev mode. Not recommended for production! See https://lit.dev/msg/dev-mode for more information. @ http://localhost:8090/@vite/client:524
[24380976ms] [WARNING] Lit is in dev mode. Not recommended for production! See https://lit.dev/msg/dev-mode for more information. @ http://localhost:8090/@vite/client:524
[24388739ms] [ERROR] Failed to load resource: net::ERR_NAME_NOT_RESOLVED @ https://consent.google.com/save?continue=https://www.google.com/search?q%3Doutlook%2Blogin%26rlz%3D1C5GCEM_enGB1212GB1219%26oq%3Doutlook%26gs_lcrp%3DEgZjaHJvbWUqDQgBEAAYgwEYsQMYgAQyBggAEEUYOTINCAEQABiDARixAxiABDIKCAIQABixAxiABDINCAMQABiDARixAxiABDIKCAQQABixAxiABDINCAUQABiDARixAxiABDIHCAYQABiABDINCAcQABiDARixAxiABDIKCAgQABixAxiABDINCAkQABiDARixAxiABNIBCDQ0NzRqMGo0qAIAsAIA%26sourceid%3Dchrome%26source%3Dchrome.ob%26ie%3DUTF-8%26sei%3Dz7lQavevIKuChbIPyfG7kQk&gl=UK&m=0&pc=srp&x=5&src=2&hl=en&bl=gws_20260709-0_RC1&uxe=none&cm=2&set_eom=false&set_aps=true&set_sc=true&escs=AZ8E49AAi6uEGWBR3x01-6tTRik88xt7f48YQxKPvKqZ8NNIc8ZBT5u6CZI1yCDzXiMz3rtL2jo6Mrb3clbnacbyh1fqxSjZS-KT:0
[24390637ms] Identifier 'OneCloudUtil' has already been declared
[24390637ms] Identifier 'LocalStorageUtil' has already been declared
[24390639ms] Identifier 'OneCloudUtil' has already been declared
[24390640ms] Identifier 'LocalStorageUtil' has already been declared
[24390641ms] Identifier 'OneCloudUtil' has already been declared
[24390641ms] Identifier 'LocalStorageUtil' has already been declared
[24390643ms] Identifier 'OneCloudUtil' has already been declared
[24390643ms] Identifier 'LocalStorageUtil' has already been declared
[24390644ms] Identifier 'OneCloudUtil' has already been declared
[24390644ms] Identifier 'LocalStorageUtil' has already been declared
[24390645ms] Identifier 'OneCloudUtil' has already been declared
[24390645ms] Identifier 'LocalStorageUtil' has already been declared
[24392010ms] [LOG] 1DS Initialized.. @ https://www.microsoft.com/golf/etc.clientlibs/microsoft/components/structure/page/clientlibs/custom-oneds.ACSHASH2b7224aac4ea4007cb4436ebcdc8cec8.min.js:0
[24392071ms] [LOG] Clarity not loaded due to lack of user consent @ https://www.microsoft.com/msonecloudapi/assets/msocbody.js:700
[24392294ms] [LOG] MWF v2.8.1 @ https://www.microsoft.com/golf/etc.clientlibs/onecloud/clientlibs/clientlib-mwf-new/main-light.ACSHASHfe9d5283cc0a38f995b64bf0f39192eb.min.js:13154
[24392388ms] [LOG] replacing /apps/cascade.component.authoring/clientlibs/clientlib-reimagineui/foundation/themes/critical.ACSHASH6fe6d8a215e7dcc97558bc94e7c6e3d6.min.css with /golf/etc.clientlibs/cascade.component.authoring/clientlibs/clientlib-reimagineui/foundation/themes/critical.ACSHASH6fe6d8a215e7dcc97558bc94e7c6e3d6.min.css @ https://www.microsoft.com/msonecloudapi/assets/msochead.js:875
[24392388ms] [LOG] replacing /apps/cascade.component.authoring/clientlibs/clientlib-reimagineui/foundation/themes/deferred.ACSHASH496b31724c9a403a6dab3852d2c7abef.min.css with /golf/etc.clientlibs/cascade.component.authoring/clientlibs/clientlib-reimagineui/foundation/themes/deferred.ACSHASH496b31724c9a403a6dab3852d2c7abef.min.css @ https://www.microsoft.com/msonecloudapi/assets/msochead.js:875
[24392389ms] [WARNING] [OCR][ProductPricingManager] creation error:  Error: [OCR][ProductPricingManager] Invalid pricing component element. Missing data-ocr-pricing-identifier or data-ocr-sku-request attribute.
    at ProductPricingManager.findPricingRequestElement (https://www.microsoft.com/etc.clientlibs/onecloud/clientlibs/clientlib-product-pricing.ACSHASHf9c4f2ed4e61ec88e9a455f543919e32.min.js:2891:19)
    at new ProductPricingRendering (https://www.microsoft.com/etc.clientlibs/onecloud/clientlibs/clientlib-product-pricing.ACSHASHf9c4f2ed4e61ec88e9a455f543919e32.min.js:2168:89)
    at ProductPricingManager.createProductPriceRenderInstance (https://www.microsoft.com/etc.clientlibs/onecloud/clientlibs/clientlib-product-pricing.ACSHASHf9c4f2ed4e61ec88e9a455f543919e32.min.js:3123:13)
    at ProductPricingManager.createProductPricingRequests (https://www.microsoft.com/etc.clientlibs/onecloud/clientlibs/clientlib-product-pricing.ACSHASHf9c4f2ed4e61ec88e9a455f543919e32.min.js:3044:30)
    at ProductPricingManager.initializePricingManager (https://www.microsoft.com/etc.clientlibs/onecloud/clientlibs/clientlib-product-pricing.ACSHASHf9c4f2ed4e61ec88e9a455f543919e32.min.js:2710:14)
    at new ProductPricingManager (https://www.microsoft.com/etc.clientlibs/onecloud/clientlibs/clientlib-product-pricing.ACSHASHf9c4f2ed4e61ec88e9a455f543919e32.min.js:2659:14)
    at initializeProductPriceModule (https://www.microsoft.com/golf/etc.clientlibs/onecloud/clientlibs/clientlib-product-pricing.ACSHASHf9c4f2ed4e61ec88e9a455f543919e32.min.js:649:17)
    at HTMLDocument.<anonymous> (https://www.microsoft.com/golf/etc.clientlibs/onecloud/clientlibs/clientlib-product-pricing.ACSHASHf9c4f2ed4e61ec88e9a455f543919e32.min.js:673:9) @ https://www.microsoft.com/etc.clientlibs/onecloud/clientlibs/clientlib-product-pricing.ACSHASHf9c4f2ed4e61ec88e9a455f543919e32.min.js:3045
[24392389ms] [WARNING] [OCR][ProductPricingManager] creation error:  Error: [OCR][ProductPricingManager] Invalid pricing component element. Missing data-ocr-pricing-identifier or data-ocr-sku-request attribute.
    at ProductPricingManager.findPricingRequestElement (https://www.microsoft.com/etc.clientlibs/onecloud/clientlibs/clientlib-product-pricing.ACSHASHf9c4f2ed4e61ec88e9a455f543919e32.min.js:2891:19)
    at new ProductPricingRendering (https://www.microsoft.com/etc.clientlibs/onecloud/clientlibs/clientlib-product-pricing.ACSHASHf9c4f2ed4e61ec88e9a455f543919e32.min.js:2168:89)
    at ProductPricingManager.createProductPriceRenderInstance (https://www.microsoft.com/etc.clientlibs/onecloud/clientlibs/clientlib-product-pricing.ACSHASHf9c4f2ed4e61ec88e9a455f543919e32.min.js:3123:13)
    at ProductPricingManager.createProductPricingRequests (https://www.microsoft.com/etc.clientlibs/onecloud/clientlibs/clientlib-product-pricing.ACSHASHf9c4f2ed4e61ec88e9a455f543919e32.min.js:3044:30)
    at ProductPricingManager.initializePricingManager (https://www.microsoft.com/etc.clientlibs/onecloud/clientlibs/clientlib-product-pricing.ACSHASHf9c4f2ed4e61ec88e9a455f543919e32.min.js:2710:14)
    at new ProductPricingManager (https://www.microsoft.com/etc.clientlibs/onecloud/clientlibs/clientlib-product-pricing.ACSHASHf9c4f2ed4e61ec88e9a455f543919e32.min.js:2659:14)
    at initializeProductPriceModule (https://www.microsoft.com/golf/etc.clientlibs/onecloud/clientlibs/clientlib-product-pricing.ACSHASHf9c4f2ed4e61ec88e9a455f543919e32.min.js:649:17)
    at HTMLDocument.<anonymous> (https://www.microsoft.com/golf/etc.clientlibs/onecloud/clientlibs/clientlib-product-pricing.ACSHASHf9c4f2ed4e61ec88e9a455f543919e32.min.js:673:9) @ https://www.microsoft.com/etc.clientlibs/onecloud/clientlibs/clientlib-product-pricing.ACSHASHf9c4f2ed4e61ec88e9a455f543919e32.min.js:3045
[24392441ms] [LOG] gpc opt-in @ https://www.microsoft.com/golf/etc.clientlibs/microsoft/clientlibs/cookie-compliance-manager.ACSHASHd471cafc5d23f4577f5cf2676dcc276a.min.js:4
[24392441ms] [LOG] Clarity consent conditions not met @ https://www.microsoft.com/golf/etc.clientlibs/microsoft/clientlibs/cookie-compliance-manager.ACSHASHd471cafc5d23f4577f5cf2676dcc276a.min.js:4
[24392486ms] [INFO] [WC Visibility Fix] None of the target tags were found in the DOM. @ https://www.microsoft.com/msonecloudapi/assets/msocbody.js:728
[24392500ms] [LOG] Clarity opt-out set @ https://www.microsoft.com/golf/etc.clientlibs/microsoft/clientlibs/cookie-compliance-manager.ACSHASHd471cafc5d23f4577f5cf2676dcc276a.min.js:3
[24393545ms] [INFO] BSSO Telemetry: {"result":"Error","error":"NoExtension","type":"ChromeSsoTelemetry","data":{},"traces":["BrowserSSO Initialized","Creating ChromeBrowserCore provider","Sending message for method CreateProviderAsync","Received message for method CreateProviderAsync","Error: ChromeBrowserCore error NoExtension: Extension is not installed."]} @ https://aadcdn.msftauth.net/shared/1.0/content/js/BssoInterrupt_Core_Pub9GRdfCt-pUOuUnzQRBw2.js:17
[24398231ms] [WARNING] The resource https://www.microsoft.com/apps/cascade.component.authoring/clientlibs/clientlib-reimagineui/foundation/themes/critical.ACSHASH6fe6d8a215e7dcc97558bc94e7c6e3d6.min.css was preloaded using link preload but not used within a few seconds from the window's load event. Please make sure it has an appropriate `as` value and it is preloaded intentionally. @ https://www.microsoft.com/en-gb/microsoft-365/outlook/log-in:0
[24408134ms] [WARNING] The resource https://www.microsoft.com/apps/cascade.component.authoring/clientlibs/clientlib-reimagineui/foundation/themes/critical.ACSHASH6fe6d8a215e7dcc97558bc94e7c6e3d6.min.css was preloaded using link preload but not used within a few seconds from the window's load event. Please make sure it has an appropriate `as` value and it is preloaded intentionally. @ https://www.microsoft.com/en-gb/microsoft-365/outlook/log-in:0
[24490540ms] [LOG] UHF 1.0 not found after timeout: header[data-header-footprint] .c-uhfh-actions @ https://www.microsoft.com/msonecloudapi/assets/msochead.js:156
[27388113ms] [WARNING] The resource https://www.microsoft.com/apps/cascade.component.authoring/clientlibs/clientlib-reimagineui/foundation/themes/critical.ACSHASH6fe6d8a215e7dcc97558bc94e7c6e3d6.min.css was preloaded using link preload but not used within a few seconds from the window's load event. Please make sure it has an appropriate `as` value and it is preloaded intentionally. @ https://www.microsoft.com/en-gb/microsoft-365/outlook/log-in:0
