[     222ms] [WARNING] Carbon for IBM Products (WARNING): Component "InterstitialScreen" enabled via feature flags. This component has not yet completed its review process. @ https://w3.ibm.com/assets/index-CGOK6XBv.js:908
[     223ms] [WARNING] Carbon for IBM Products (WARNING): Component "InterstitialScreenView" enabled via feature flags. This component has not yet completed its review process. @ https://w3.ibm.com/assets/index-CGOK6XBv.js:908
[     223ms] [WARNING] Carbon for IBM Products (WARNING): Component "InterstitialScreenViewModule" enabled via feature flags. This component has not yet completed its review process. @ https://w3.ibm.com/assets/index-CGOK6XBv.js:908
[     223ms] [WARNING] Carbon for IBM Products (WARNING): Component "Coachmark" enabled via feature flags. This component has not yet completed its review process. @ https://w3.ibm.com/assets/index-CGOK6XBv.js:908
[     223ms] [WARNING] Carbon for IBM Products (WARNING): Component "CoachmarkBeacon" enabled via feature flags. This component has not yet completed its review process. @ https://w3.ibm.com/assets/index-CGOK6XBv.js:908
[     223ms] [WARNING] Carbon for IBM Products (WARNING): Component "CoachmarkButton" enabled via feature flags. This component has not yet completed its review process. @ https://w3.ibm.com/assets/index-CGOK6XBv.js:908
[     223ms] [WARNING] Carbon for IBM Products (WARNING): Component "CoachmarkOverlayElement" enabled via feature flags. This component has not yet completed its review process. @ https://w3.ibm.com/assets/index-CGOK6XBv.js:908
[     224ms] [WARNING] Carbon for IBM Products (WARNING): Component "CoachmarkOverlayElements" enabled via feature flags. This component has not yet completed its review process. @ https://w3.ibm.com/assets/index-CGOK6XBv.js:908
[     224ms] [WARNING] Carbon for IBM Products (WARNING): Component "Guidebanner" enabled via feature flags. This component has not yet completed its review process. @ https://w3.ibm.com/assets/index-CGOK6XBv.js:908
[     224ms] [WARNING] Carbon for IBM Products (WARNING): Component "GuidebannerElement" enabled via feature flags. This component has not yet completed its review process. @ https://w3.ibm.com/assets/index-CGOK6XBv.js:908
[     224ms] [WARNING] Carbon for IBM Products (WARNING): Component "InlineTip" enabled via feature flags. This component has not yet completed its review process. @ https://w3.ibm.com/assets/index-CGOK6XBv.js:908
[     227ms] [WARNING] An error occurred! For more details, see the full error text at https://go.apollo.dev/c/err#%7B%22version%22%3A%223.14.1%22%2C%22message%22%3A103%2C%22args%22%3A%5B%22useLazyQuery%22%2C%22onCompleted%22%2C%22If%20your%20%60onCompleted%60%20callback%20sets%20local%20state%2C%20switch%20to%20use%20derived%20state%20using%20%60data%60%20returned%20from%20the%20hook%20instead.%20Use%20%60useEffect%60%20to%20perform%20side-effects%20as%20a%20result%20of%20updates%20to%20%60data%60.%22%5D%7D @ https://w3.ibm.com/assets/index-CGOK6XBv.js:193
[     227ms] [WARNING] An error occurred! For more details, see the full error text at https://go.apollo.dev/c/err#%7B%22version%22%3A%223.14.1%22%2C%22message%22%3A103%2C%22args%22%3A%5B%22useLazyQuery%22%2C%22onError%22%2C%22If%20your%20%60onError%60%20callback%20sets%20local%20state%2C%20switch%20to%20use%20derived%20state%20using%20%60data%60%2C%20%60error%60%20or%20%60errors%60%20returned%20from%20the%20hook%20instead.%20Use%20%60useEffect%60%20if%20you%20need%20to%20perform%20side-effects%20as%20a%20result%20of%20updates%20to%20%60data%60%2C%20%60error%60%20or%20%60errors%60.%22%5D%7D @ https://w3.ibm.com/assets/index-CGOK6XBv.js:193
[     231ms] [WARNING] An error occurred! For more details, see the full error text at https://go.apollo.dev/c/err#%7B%22version%22%3A%223.14.1%22%2C%22message%22%3A103%2C%22args%22%3A%5B%22useLazyQuery%22%2C%22onCompleted%22%2C%22If%20your%20%60onCompleted%60%20callback%20sets%20local%20state%2C%20switch%20to%20use%20derived%20state%20using%20%60data%60%20returned%20from%20the%20hook%20instead.%20Use%20%60useEffect%60%20to%20perform%20side-effects%20as%20a%20result%20of%20updates%20to%20%60data%60.%22%5D%7D @ https://w3.ibm.com/assets/index-CGOK6XBv.js:193
[     231ms] [WARNING] An error occurred! For more details, see the full error text at https://go.apollo.dev/c/err#%7B%22version%22%3A%223.14.1%22%2C%22message%22%3A103%2C%22args%22%3A%5B%22useLazyQuery%22%2C%22onError%22%2C%22If%20your%20%60onError%60%20callback%20sets%20local%20state%2C%20switch%20to%20use%20derived%20state%20using%20%60data%60%2C%20%60error%60%20or%20%60errors%60%20returned%20from%20the%20hook%20instead.%20Use%20%60useEffect%60%20if%20you%20need%20to%20perform%20side-effects%20as%20a%20result%20of%20updates%20to%20%60data%60%2C%20%60error%60%20or%20%60errors%60.%22%5D%7D @ https://w3.ibm.com/assets/index-CGOK6XBv.js:193
[     231ms] [WARNING] An error occurred! For more details, see the full error text at https://go.apollo.dev/c/err#%7B%22version%22%3A%223.14.1%22%2C%22message%22%3A103%2C%22args%22%3A%5B%22useLazyQuery%22%2C%22variables%22%2C%22Pass%20all%20%60variables%60%20to%20the%20returned%20%60execute%60%20function%20instead.%22%5D%7D @ https://w3.ibm.com/assets/index-CGOK6XBv.js:193
[     231ms] [WARNING] An error occurred! For more details, see the full error text at https://go.apollo.dev/c/err#%7B%22version%22%3A%223.14.1%22%2C%22message%22%3A103%2C%22args%22%3A%5B%22useLazyQuery%22%2C%22onCompleted%22%2C%22If%20your%20%60onCompleted%60%20callback%20sets%20local%20state%2C%20switch%20to%20use%20derived%20state%20using%20%60data%60%20returned%20from%20the%20hook%20instead.%20Use%20%60useEffect%60%20to%20perform%20side-effects%20as%20a%20result%20of%20updates%20to%20%60data%60.%22%5D%7D @ https://w3.ibm.com/assets/index-CGOK6XBv.js:193
[     234ms] [WARNING] No `HydrateFallback` element provided to render during initial hydration @ https://w3.ibm.com/assets/index-CGOK6XBv.js:49
[     813ms] [INFO] %c BeeHeard %c 205 color: white; background: blue;  @ :0
[     816ms] [INFO] %c BeeHeard Initialized (w3) %c color: white; background: blue;  @ https://w3.ibm.com/assets/index-CGOK6XBv.js:890
[   10209ms] [LOG] Download the Apollo DevTools for a better development experience: %s https://chrome.google.com/webstore/detail/apollo-client-developer-t/jdkknkkbebbapilgoeccciglkfbmbnfm @ https://w3.ibm.com/assets/index-CGOK6XBv.js:193
[   30968ms] [ERROR] Failed to load resource: net::ERR_TIMED_OUT @ https://w3-graph-w3-graph.w3-globals.dal.app.cirrus.ibm.com/graphql?client-tracking-id=w3-web-carbon&op=AppLevelQuery:0
[   30971ms] [ERROR] Unexpected fatal error fetching app level query: Failed to fetch @ https://w3.ibm.com/assets/index-CGOK6XBv.js:4149
