[   23616ms] [WARNING] Carbon for IBM Products (WARNING): Component "InterstitialScreen" enabled via feature flags. This component has not yet completed its review process. @ https://w3.ibm.com/assets/index-CGOK6XBv.js:908
[   23616ms] [WARNING] Carbon for IBM Products (WARNING): Component "InterstitialScreenView" enabled via feature flags. This component has not yet completed its review process. @ https://w3.ibm.com/assets/index-CGOK6XBv.js:908
[   23617ms] [WARNING] Carbon for IBM Products (WARNING): Component "InterstitialScreenViewModule" enabled via feature flags. This component has not yet completed its review process. @ https://w3.ibm.com/assets/index-CGOK6XBv.js:908
[   23617ms] [WARNING] Carbon for IBM Products (WARNING): Component "Coachmark" enabled via feature flags. This component has not yet completed its review process. @ https://w3.ibm.com/assets/index-CGOK6XBv.js:908
[   23617ms] [WARNING] Carbon for IBM Products (WARNING): Component "CoachmarkBeacon" enabled via feature flags. This component has not yet completed its review process. @ https://w3.ibm.com/assets/index-CGOK6XBv.js:908
[   23617ms] [WARNING] Carbon for IBM Products (WARNING): Component "CoachmarkButton" enabled via feature flags. This component has not yet completed its review process. @ https://w3.ibm.com/assets/index-CGOK6XBv.js:908
[   23617ms] [WARNING] Carbon for IBM Products (WARNING): Component "CoachmarkOverlayElement" enabled via feature flags. This component has not yet completed its review process. @ https://w3.ibm.com/assets/index-CGOK6XBv.js:908
[   23617ms] [WARNING] Carbon for IBM Products (WARNING): Component "CoachmarkOverlayElements" enabled via feature flags. This component has not yet completed its review process. @ https://w3.ibm.com/assets/index-CGOK6XBv.js:908
[   23618ms] [WARNING] Carbon for IBM Products (WARNING): Component "Guidebanner" enabled via feature flags. This component has not yet completed its review process. @ https://w3.ibm.com/assets/index-CGOK6XBv.js:908
[   23618ms] [WARNING] Carbon for IBM Products (WARNING): Component "GuidebannerElement" enabled via feature flags. This component has not yet completed its review process. @ https://w3.ibm.com/assets/index-CGOK6XBv.js:908
[   23618ms] [WARNING] Carbon for IBM Products (WARNING): Component "InlineTip" enabled via feature flags. This component has not yet completed its review process. @ https://w3.ibm.com/assets/index-CGOK6XBv.js:908
[   23621ms] [WARNING] An error occurred! For more details, see the full error text at https://go.apollo.dev/c/err#%7B%22version%22%3A%223.14.1%22%2C%22message%22%3A103%2C%22args%22%3A%5B%22useLazyQuery%22%2C%22onCompleted%22%2C%22If%20your%20%60onCompleted%60%20callback%20sets%20local%20state%2C%20switch%20to%20use%20derived%20state%20using%20%60data%60%20returned%20from%20the%20hook%20instead.%20Use%20%60useEffect%60%20to%20perform%20side-effects%20as%20a%20result%20of%20updates%20to%20%60data%60.%22%5D%7D @ https://w3.ibm.com/assets/index-CGOK6XBv.js:193
[   23621ms] [WARNING] An error occurred! For more details, see the full error text at https://go.apollo.dev/c/err#%7B%22version%22%3A%223.14.1%22%2C%22message%22%3A103%2C%22args%22%3A%5B%22useLazyQuery%22%2C%22onError%22%2C%22If%20your%20%60onError%60%20callback%20sets%20local%20state%2C%20switch%20to%20use%20derived%20state%20using%20%60data%60%2C%20%60error%60%20or%20%60errors%60%20returned%20from%20the%20hook%20instead.%20Use%20%60useEffect%60%20if%20you%20need%20to%20perform%20side-effects%20as%20a%20result%20of%20updates%20to%20%60data%60%2C%20%60error%60%20or%20%60errors%60.%22%5D%7D @ https://w3.ibm.com/assets/index-CGOK6XBv.js:193
[   23624ms] [WARNING] An error occurred! For more details, see the full error text at https://go.apollo.dev/c/err#%7B%22version%22%3A%223.14.1%22%2C%22message%22%3A103%2C%22args%22%3A%5B%22useLazyQuery%22%2C%22onCompleted%22%2C%22If%20your%20%60onCompleted%60%20callback%20sets%20local%20state%2C%20switch%20to%20use%20derived%20state%20using%20%60data%60%20returned%20from%20the%20hook%20instead.%20Use%20%60useEffect%60%20to%20perform%20side-effects%20as%20a%20result%20of%20updates%20to%20%60data%60.%22%5D%7D @ https://w3.ibm.com/assets/index-CGOK6XBv.js:193
[   23624ms] [WARNING] An error occurred! For more details, see the full error text at https://go.apollo.dev/c/err#%7B%22version%22%3A%223.14.1%22%2C%22message%22%3A103%2C%22args%22%3A%5B%22useLazyQuery%22%2C%22onError%22%2C%22If%20your%20%60onError%60%20callback%20sets%20local%20state%2C%20switch%20to%20use%20derived%20state%20using%20%60data%60%2C%20%60error%60%20or%20%60errors%60%20returned%20from%20the%20hook%20instead.%20Use%20%60useEffect%60%20if%20you%20need%20to%20perform%20side-effects%20as%20a%20result%20of%20updates%20to%20%60data%60%2C%20%60error%60%20or%20%60errors%60.%22%5D%7D @ https://w3.ibm.com/assets/index-CGOK6XBv.js:193
[   23624ms] [WARNING] An error occurred! For more details, see the full error text at https://go.apollo.dev/c/err#%7B%22version%22%3A%223.14.1%22%2C%22message%22%3A103%2C%22args%22%3A%5B%22useLazyQuery%22%2C%22variables%22%2C%22Pass%20all%20%60variables%60%20to%20the%20returned%20%60execute%60%20function%20instead.%22%5D%7D @ https://w3.ibm.com/assets/index-CGOK6XBv.js:193
[   23624ms] [WARNING] An error occurred! For more details, see the full error text at https://go.apollo.dev/c/err#%7B%22version%22%3A%223.14.1%22%2C%22message%22%3A103%2C%22args%22%3A%5B%22useLazyQuery%22%2C%22onCompleted%22%2C%22If%20your%20%60onCompleted%60%20callback%20sets%20local%20state%2C%20switch%20to%20use%20derived%20state%20using%20%60data%60%20returned%20from%20the%20hook%20instead.%20Use%20%60useEffect%60%20to%20perform%20side-effects%20as%20a%20result%20of%20updates%20to%20%60data%60.%22%5D%7D @ https://w3.ibm.com/assets/index-CGOK6XBv.js:193
[   23626ms] [WARNING] No `HydrateFallback` element provided to render during initial hydration @ https://w3.ibm.com/assets/index-CGOK6XBv.js:49
[   33604ms] [LOG] Download the Apollo DevTools for a better development experience: %s https://chrome.google.com/webstore/detail/apollo-client-developer-t/jdkknkkbebbapilgoeccciglkfbmbnfm @ https://w3.ibm.com/assets/index-CGOK6XBv.js:193
[   43634ms] [ERROR] error asserting authenticated environment, timeout of 10000ms exceeded @ https://w3.ibm.com/assets/index-CGOK6XBv.js:3806
[   63526ms] [INFO] %c BeeHeard %c 5547 color: white; background: blue;  @ :0
[   63526ms] [INFO] %c BeeHeard Initialized (w3) %c color: white; background: blue;  @ https://w3.ibm.com/assets/index-CGOK6XBv.js:890
[   80328ms] [WARNING] Carbon for IBM Products (WARNING): Component "InterstitialScreen" enabled via feature flags. This component has not yet completed its review process. @ https://w3.ibm.com/assets/index-CGOK6XBv.js:908
[   80328ms] [WARNING] Carbon for IBM Products (WARNING): Component "InterstitialScreenView" enabled via feature flags. This component has not yet completed its review process. @ https://w3.ibm.com/assets/index-CGOK6XBv.js:908
[   80328ms] [WARNING] Carbon for IBM Products (WARNING): Component "InterstitialScreenViewModule" enabled via feature flags. This component has not yet completed its review process. @ https://w3.ibm.com/assets/index-CGOK6XBv.js:908
[   80328ms] [WARNING] Carbon for IBM Products (WARNING): Component "Coachmark" enabled via feature flags. This component has not yet completed its review process. @ https://w3.ibm.com/assets/index-CGOK6XBv.js:908
[   80329ms] [WARNING] Carbon for IBM Products (WARNING): Component "CoachmarkBeacon" enabled via feature flags. This component has not yet completed its review process. @ https://w3.ibm.com/assets/index-CGOK6XBv.js:908
[   80329ms] [WARNING] Carbon for IBM Products (WARNING): Component "CoachmarkButton" enabled via feature flags. This component has not yet completed its review process. @ https://w3.ibm.com/assets/index-CGOK6XBv.js:908
[   80329ms] [WARNING] Carbon for IBM Products (WARNING): Component "CoachmarkOverlayElement" enabled via feature flags. This component has not yet completed its review process. @ https://w3.ibm.com/assets/index-CGOK6XBv.js:908
[   80329ms] [WARNING] Carbon for IBM Products (WARNING): Component "CoachmarkOverlayElements" enabled via feature flags. This component has not yet completed its review process. @ https://w3.ibm.com/assets/index-CGOK6XBv.js:908
[   80329ms] [WARNING] Carbon for IBM Products (WARNING): Component "Guidebanner" enabled via feature flags. This component has not yet completed its review process. @ https://w3.ibm.com/assets/index-CGOK6XBv.js:908
[   80330ms] [WARNING] Carbon for IBM Products (WARNING): Component "GuidebannerElement" enabled via feature flags. This component has not yet completed its review process. @ https://w3.ibm.com/assets/index-CGOK6XBv.js:908
[   80330ms] [WARNING] Carbon for IBM Products (WARNING): Component "InlineTip" enabled via feature flags. This component has not yet completed its review process. @ https://w3.ibm.com/assets/index-CGOK6XBv.js:908
[   80331ms] [WARNING] An error occurred! For more details, see the full error text at https://go.apollo.dev/c/err#%7B%22version%22%3A%223.14.1%22%2C%22message%22%3A103%2C%22args%22%3A%5B%22useLazyQuery%22%2C%22onCompleted%22%2C%22If%20your%20%60onCompleted%60%20callback%20sets%20local%20state%2C%20switch%20to%20use%20derived%20state%20using%20%60data%60%20returned%20from%20the%20hook%20instead.%20Use%20%60useEffect%60%20to%20perform%20side-effects%20as%20a%20result%20of%20updates%20to%20%60data%60.%22%5D%7D @ https://w3.ibm.com/assets/index-CGOK6XBv.js:193
[   80331ms] [WARNING] An error occurred! For more details, see the full error text at https://go.apollo.dev/c/err#%7B%22version%22%3A%223.14.1%22%2C%22message%22%3A103%2C%22args%22%3A%5B%22useLazyQuery%22%2C%22onError%22%2C%22If%20your%20%60onError%60%20callback%20sets%20local%20state%2C%20switch%20to%20use%20derived%20state%20using%20%60data%60%2C%20%60error%60%20or%20%60errors%60%20returned%20from%20the%20hook%20instead.%20Use%20%60useEffect%60%20if%20you%20need%20to%20perform%20side-effects%20as%20a%20result%20of%20updates%20to%20%60data%60%2C%20%60error%60%20or%20%60errors%60.%22%5D%7D @ https://w3.ibm.com/assets/index-CGOK6XBv.js:193
[   80333ms] [WARNING] An error occurred! For more details, see the full error text at https://go.apollo.dev/c/err#%7B%22version%22%3A%223.14.1%22%2C%22message%22%3A103%2C%22args%22%3A%5B%22useLazyQuery%22%2C%22onCompleted%22%2C%22If%20your%20%60onCompleted%60%20callback%20sets%20local%20state%2C%20switch%20to%20use%20derived%20state%20using%20%60data%60%20returned%20from%20the%20hook%20instead.%20Use%20%60useEffect%60%20to%20perform%20side-effects%20as%20a%20result%20of%20updates%20to%20%60data%60.%22%5D%7D @ https://w3.ibm.com/assets/index-CGOK6XBv.js:193
[   80333ms] [WARNING] An error occurred! For more details, see the full error text at https://go.apollo.dev/c/err#%7B%22version%22%3A%223.14.1%22%2C%22message%22%3A103%2C%22args%22%3A%5B%22useLazyQuery%22%2C%22onError%22%2C%22If%20your%20%60onError%60%20callback%20sets%20local%20state%2C%20switch%20to%20use%20derived%20state%20using%20%60data%60%2C%20%60error%60%20or%20%60errors%60%20returned%20from%20the%20hook%20instead.%20Use%20%60useEffect%60%20if%20you%20need%20to%20perform%20side-effects%20as%20a%20result%20of%20updates%20to%20%60data%60%2C%20%60error%60%20or%20%60errors%60.%22%5D%7D @ https://w3.ibm.com/assets/index-CGOK6XBv.js:193
[   80333ms] [WARNING] An error occurred! For more details, see the full error text at https://go.apollo.dev/c/err#%7B%22version%22%3A%223.14.1%22%2C%22message%22%3A103%2C%22args%22%3A%5B%22useLazyQuery%22%2C%22variables%22%2C%22Pass%20all%20%60variables%60%20to%20the%20returned%20%60execute%60%20function%20instead.%22%5D%7D @ https://w3.ibm.com/assets/index-CGOK6XBv.js:193
[   80333ms] [WARNING] An error occurred! For more details, see the full error text at https://go.apollo.dev/c/err#%7B%22version%22%3A%223.14.1%22%2C%22message%22%3A103%2C%22args%22%3A%5B%22useLazyQuery%22%2C%22onCompleted%22%2C%22If%20your%20%60onCompleted%60%20callback%20sets%20local%20state%2C%20switch%20to%20use%20derived%20state%20using%20%60data%60%20returned%20from%20the%20hook%20instead.%20Use%20%60useEffect%60%20to%20perform%20side-effects%20as%20a%20result%20of%20updates%20to%20%60data%60.%22%5D%7D @ https://w3.ibm.com/assets/index-CGOK6XBv.js:193
[   80335ms] [WARNING] No `HydrateFallback` element provided to render during initial hydration @ https://w3.ibm.com/assets/index-CGOK6XBv.js:49
[   80852ms] [INFO] %c BeeHeard %c 196 color: white; background: blue;  @ :0
[   80853ms] [INFO] %c BeeHeard Initialized (w3) %c color: white; background: blue;  @ https://w3.ibm.com/assets/index-CGOK6XBv.js:890
[   90320ms] [LOG] Download the Apollo DevTools for a better development experience: %s https://chrome.google.com/webstore/detail/apollo-client-developer-t/jdkknkkbebbapilgoeccciglkfbmbnfm @ https://w3.ibm.com/assets/index-CGOK6XBv.js:193
[  110972ms] [ERROR] Failed to load resource: net::ERR_TIMED_OUT @ https://w3-graph-w3-graph.w3-globals.dal.app.cirrus.ibm.com/graphql?client-tracking-id=w3-web-carbon&op=AppLevelQuery:0
[  110974ms] [ERROR] Unexpected fatal error fetching app level query: Failed to fetch @ https://w3.ibm.com/assets/index-CGOK6XBv.js:4149
[  143147ms] Failed to register a ServiceWorker for scope ('https://w3.ibm.com/') with script ('https://w3.ibm.com/sw.js'): An unknown error occurred when fetching the script.
[  863409ms] [LOG] PROD @ https://devices.devicesibm.wdc.app.cirrus.ibm.com/js/app.eb33ec9b.js:0
[  864457ms] [INFO] %c BeeHeard %c 93 color: white; background: blue;  @ :0
[  866811ms] [LOG] deviceList:  Proxy(Array) @ https://devices.devicesibm.wdc.app.cirrus.ibm.com/js/app.eb33ec9b.js:0
[  866816ms] [LOG] date:  August 13, 2025  |  days between:  0 @ https://devices.devicesibm.wdc.app.cirrus.ibm.com/js/app.eb33ec9b.js:0
[  867520ms] [LOG] [header.verifyIfIsByPassUser] isAdmin value from API: false @ https://devices.devicesibm.wdc.app.cirrus.ibm.com/js/app.eb33ec9b.js:0
[  867973ms] [LOG] [header.verifyIfAdminSupport] isAdminSupport value from API: false @ https://devices.devicesibm.wdc.app.cirrus.ibm.com/js/app.eb33ec9b.js:0
[  868386ms] [LOG] [header.verifyIfAdminNotReturn] isAdminNotReturn value from API: false @ https://devices.devicesibm.wdc.app.cirrus.ibm.com/js/app.eb33ec9b.js:0
[  870849ms] [LOG] {"viewAssets":2} @ https://devices.devicesibm.wdc.app.cirrus.ibm.com/js/app.eb33ec9b.js:0
[  870849ms] [LOG] [{"label":"Active","value":"viewAssets","title":"Active Devices","count":2},{"label":"Open requests","value":"openRequest","title":"Open Requests","count":0},{"label":"Pending returns","value":"awaitReturn","title":"Return Devices","count":0}] @ https://devices.devicesibm.wdc.app.cirrus.ibm.com/js/app.eb33ec9b.js:0
[  870849ms] [LOG] Guidedtourdone?-- true @ https://devices.devicesibm.wdc.app.cirrus.ibm.com/js/app.eb33ec9b.js:0
[  870850ms] [LOG] deviceList:  Proxy(Array) @ https://devices.devicesibm.wdc.app.cirrus.ibm.com/js/app.eb33ec9b.js:0
