[    2500ms] [LOG] true @ https://login.live.com/Me.htm?v=3:0
[    2500ms] [LOG] Storage access: true @ https://login.live.com/Me.htm?v=3:0
[    2855ms] [VERBOSE] [DOM] Input elements should have autocomplete attributes (suggested: "current-password"): (More info: https://goo.gl/9p2vKq) %o @ https://login.microsoftonline.com/common/oauth2/v2.0/authorize?client_id=9199bf20-a13f-4107-85dc-02114787ef48&scope=https%3A%2F%2Foutlook.office.com%2F.default%20openid%20profile%20offline_access&redirect_uri=https%3A%2F%2Foutlook.live.com%2Fmail%2F&client-request-id=a5c92799-d1d3-f05d-ee6b-035b93ec19b0&response_mode=fragment&client_info=1&clidata=1&prompt=select_account&nonce=019f4b55-f317-7bc8-ae04-b9f2850142d0&state=eyJpZCI6IjAxOWY0YjU1LWYzMTctNzMzMS1hZjRkLTAyNDI0YjAzOTIxOSIsIm1ldGEiOnsiaW50ZXJhY3Rpb25UeXBlIjoicmVkaXJlY3QifX0%3D%7CaHR0cHM6Ly9vdXRsb29rLmxpdmUuY29tL21haWwvP2N1bHR1cmU9ZW4tZ2ImY291bnRyeT1nYg%7CeyJwcm9tcHQiOiJzZWxlY3RfYWNjb3VudCJ9&claims=%7B%22access_token%22%3A%7B%22xms_cc%22%3A%7B%22values%22%3A%5B%22CP1%22%5D%7D%7D%7D&x-client-SKU=msal.js.browser&x-client-VER=5.12.0&response_type=code&code_challenge=gyT209jaUX5_JbAcsKuLKeLwu_WE-xvhkuvA6HMgt04&code_challenge_method=S256&cobrandid=ab0455a0-8d03-46b9-b18b-df2f57b9e44c&fl=dob%2Cflname%2Cwld:0
[   14006ms] [INFO] navigator.platform==MacIntel @ https://login.w3.ibm.com/idaas/mtfim/static/device_type.js?locale=en_GB:10
[   14006ms] [INFO] navigator.userAgent==Mozilla/5.0 (Macintosh; Intel Mac OS X 10_15_7) AppleWebKit/537.36 (KHTML, like Gecko) Chrome/150.0.0.0 Safari/537.36 @ https://login.w3.ibm.com/idaas/mtfim/static/device_type.js?locale=en_GB:11
[   14006ms] [INFO] navigator.maxTouchPoints==0 @ https://login.w3.ibm.com/idaas/mtfim/static/device_type.js?locale=en_GB:12
[   14006ms] [INFO] document.referrer==https://login.w3.ibm.com/saml/sps/auth @ https://login.w3.ibm.com/idaas/mtfim/static/device_type.js?locale=en_GB:13
[   27761ms] [LOG] 2546.899999976158 ms: base baseline @ https://login.w3.ibm.com/risk/v3.0/authz/pages/compute?Target=https%3A%2F%2Flogin.w3.ibm.com%2Fsaml%2Fsps%2Fauth%3Fstateid%3Ddd90a91a-378c-4874-ae3d-1c1cd2e24f40:70
[   29019ms] [LOG] 1258.3999999761581 ms: getFlow() called 1 times... @ https://login.w3.ibm.com/risk/v3.0/authz/pages/compute?Target=https%3A%2F%2Flogin.w3.ibm.com%2Fsaml%2Fsps%2Fauth%3Fstateid%3Ddd90a91a-378c-4874-ae3d-1c1cd2e24f40:85
[   29019ms] [LOG] 1258.3999999761581 ms: Sleeping for 500 milliseconds... @ https://login.w3.ibm.com/risk/v3.0/authz/pages/compute?Target=https%3A%2F%2Flogin.w3.ibm.com%2Fsaml%2Fsps%2Fauth%3Fstateid%3Ddd90a91a-378c-4874-ae3d-1c1cd2e24f40:96
[   29019ms] [LOG] 1258.5 ms: getFlow() called 1 times... Done @ https://login.w3.ibm.com/risk/v3.0/authz/pages/compute?Target=https%3A%2F%2Flogin.w3.ibm.com%2Fsaml%2Fsps%2Fauth%3Fstateid%3Ddd90a91a-378c-4874-ae3d-1c1cd2e24f40:91
[   29520ms] [LOG] 1759.6000000238419 ms: Waited for CSID collection, now submitting... @ https://login.w3.ibm.com/risk/v3.0/authz/pages/compute?Target=https%3A%2F%2Flogin.w3.ibm.com%2Fsaml%2Fsps%2Fauth%3Fstateid%3Ddd90a91a-378c-4874-ae3d-1c1cd2e24f40:99
[   33307ms] [WARNING] An iframe which has both allow-scripts and allow-same-origin for its sandbox attribute can escape its sandboxing. @ https://res.public.onecdn.static.microsoft/owamail/hashed-v1/scripts/owa.98434.m.7caff0a4.js:0
[   33948ms] [ERROR] The Content Security Policy directive 'upgrade-insecure-requests' is ignored when delivered in a report-only policy. @ https://outlook.office.com/mail/oauthRedirect.html#code=1.ARgAV3D2_MlQ1EqY8__KZK3Z6SC_mZE_oQdBhdwCEUeH70gAAAAYAA.BQABBAIAAAADAOz_BQD0_0V2b1N0c0FydGlmYWN0cwIAAAAAAN0-Q6rnWahO9RZk6yeHlJL64sDhiNchBMdt_zlRkubapGVrZnybY6GD-PRKEoYGTrfbkbm-3QYNm-9rOzZfGnX5C8EUrCfmwv4L0unHMp3HUM_C6pwV8bfhBGTG8yBgo_7W_LF-c5LK1jVodJxrYkRrIXekx3jUxR4tSKYlBrCoPvkcDaum3Csai9lFREd1JB9BeuWxNhv4igVdVV5TEYpnT_SQO4-GfbKfRCIqGndhkxTYj9lq0rH4IFz-CSwbQWYPcMXENmgN6iLvCCU0lNaxGTTBNn4qtP1yNNNlxvrrfaYm2ukRgdJ-r_SAfb5-HCo3kVpjFZlpS5DxT_wwkqoKeYwDbEePQeHszEOqoy-9oo5Q_XgmRJu0otpiMw3b7RvuFeRKdmsZwK5Xf3WGJ-uoHAg7qdsT6NKybY1H8A--DXA_SRVU9v8OFX13oc0CkML5xt5kmNOI3oOIsjNAjXDllewoeNX2JBRC1cC5g3uSqbsMCtKU2hgGYcGKVirzkbxsa9CATiy4BLX3yY_qX7nQtE81R63HnSEPUUeMWDpY25w7dSm63JzXg5hdDhJ_lkgytkOpKw7Lz0OeLQuRjl2pSXuso5ZXphLhlyKpKNwYnwmqAmci45xk4_hGLtGtTYkIgYm7BiTee7zsrFJmPGnYXUa3a8d9U_R7k3KIY8YzhvHR6YmV3pR9etgINd1olLTCy67FPSWUf6NK3BtaCQuDeggxHAvXBT641QJMLiiN3M5Vddb_EKSYoWo2gew8tUrAJpPjCBuGivnsimJIY6R66OVReQLFiVY9dGOGnNqk4uPyKBdwq6sf5GfKE81Grq2a_NxMzePUMo_4PyHkS_1hsQmtYhUrP5-_58QjqhC5HjM4NTMnsvWzEqUqkLdXu3VqJczrCsXI-_6XySUfX3s_uArdo_yzyQLQzhr-qBRCN5YNt3e9tj7EQUnGRQ9v_e_TjVCAf7hEudW1SOGFWhmh_dgKBIxQRznsB--qHkRgZqT5nOGumq-033mCRYIKAgHB3xhBGQwBPgbJy1yxLnZQDZMCDoWH_eSNejBynSRBbyUyhakkPBWUpW1PdESYvWFrROGySJqxKzAZIHAlZb2FwWYXq1hpTsQTE_wH6bY6qHczz8J0JWT8QJ1MdytoznEoJx8-FVLYzsjcONqTPmFTPS5wM2sWtohoHjj5nBo2Ja-skZMyhW7HjW24GULvwV3_oFEcn5DCNdI2EuCZVSanAFeV9lQDlt1mpGddtDKSSJhtk__oTSwXA55hmAtN5jjy6zfL7b__tR8-X5DY0k6ZYZbMkOcTVPCSlmQWYh58Dk1y0qbwjQ-bidWp1V1VypSOsPg4u4iSYBIJsNJ1APz0Ka-87gK3Bs8KbpGegSV2umlHtcDsMqoy6Uc_ErS19Z2GhpKneoh_POWCr9urxKK3ByW8lecLVhBAiTzvHW9Y0wQHwGAhnVlbUnFf42TCQU1WRmXUR4mxKZV1KdltCXiG40u4ZhxE&client_info=eyJ1aWQiOiIyY2Q5NzhiYi1iOWNmLTQ0MzMtYTJiOC0wMjA1ZTcxYWU4ODYiLCJ1dGlkIjoiZmNmNjcwNTctNTBjOS00YWQ0LTk4ZjMtZmZjYTY0YWRkOWU5In0&state=eyJpZCI6IjAxOWY0YjU2LTczOGItNzMzOS05NjllLWQ3ODQ4YzA0YjJjYiIsIm1ldGEiOnsiaW50ZXJhY3Rpb25UeXBlIjoic2lsZW50In19%7ceyJtc2FsVmVyc2lvbiI6IjUuMTIuMCJ9%7caHR0cHM6Ly9vdXRsb29rLm9mZmljZS5jb20vbWFpbC8_Y3VsdHVyZT1lbi1nYiZjb3VudHJ5PWdi&session_state=006c5e4a-713d-d2d2-b8b2-297b7a4b83a2&clientdata=e%7c%7c%7cmicrosoftonline.com%7cnone:0
[   33948ms] [WARNING] An iframe which has both allow-scripts and allow-same-origin for its sandbox attribute can escape its sandboxing. @ https://outlook.office.com/mail/oauthRedirect.html#code=1.ARgAV3D2_MlQ1EqY8__KZK3Z6SC_mZE_oQdBhdwCEUeH70gAAAAYAA.BQABBAIAAAADAOz_BQD0_0V2b1N0c0FydGlmYWN0cwIAAAAAAN0-Q6rnWahO9RZk6yeHlJL64sDhiNchBMdt_zlRkubapGVrZnybY6GD-PRKEoYGTrfbkbm-3QYNm-9rOzZfGnX5C8EUrCfmwv4L0unHMp3HUM_C6pwV8bfhBGTG8yBgo_7W_LF-c5LK1jVodJxrYkRrIXekx3jUxR4tSKYlBrCoPvkcDaum3Csai9lFREd1JB9BeuWxNhv4igVdVV5TEYpnT_SQO4-GfbKfRCIqGndhkxTYj9lq0rH4IFz-CSwbQWYPcMXENmgN6iLvCCU0lNaxGTTBNn4qtP1yNNNlxvrrfaYm2ukRgdJ-r_SAfb5-HCo3kVpjFZlpS5DxT_wwkqoKeYwDbEePQeHszEOqoy-9oo5Q_XgmRJu0otpiMw3b7RvuFeRKdmsZwK5Xf3WGJ-uoHAg7qdsT6NKybY1H8A--DXA_SRVU9v8OFX13oc0CkML5xt5kmNOI3oOIsjNAjXDllewoeNX2JBRC1cC5g3uSqbsMCtKU2hgGYcGKVirzkbxsa9CATiy4BLX3yY_qX7nQtE81R63HnSEPUUeMWDpY25w7dSm63JzXg5hdDhJ_lkgytkOpKw7Lz0OeLQuRjl2pSXuso5ZXphLhlyKpKNwYnwmqAmci45xk4_hGLtGtTYkIgYm7BiTee7zsrFJmPGnYXUa3a8d9U_R7k3KIY8YzhvHR6YmV3pR9etgINd1olLTCy67FPSWUf6NK3BtaCQuDeggxHAvXBT641QJMLiiN3M5Vddb_EKSYoWo2gew8tUrAJpPjCBuGivnsimJIY6R66OVReQLFiVY9dGOGnNqk4uPyKBdwq6sf5GfKE81Grq2a_NxMzePUMo_4PyHkS_1hsQmtYhUrP5-_58QjqhC5HjM4NTMnsvWzEqUqkLdXu3VqJczrCsXI-_6XySUfX3s_uArdo_yzyQLQzhr-qBRCN5YNt3e9tj7EQUnGRQ9v_e_TjVCAf7hEudW1SOGFWhmh_dgKBIxQRznsB--qHkRgZqT5nOGumq-033mCRYIKAgHB3xhBGQwBPgbJy1yxLnZQDZMCDoWH_eSNejBynSRBbyUyhakkPBWUpW1PdESYvWFrROGySJqxKzAZIHAlZb2FwWYXq1hpTsQTE_wH6bY6qHczz8J0JWT8QJ1MdytoznEoJx8-FVLYzsjcONqTPmFTPS5wM2sWtohoHjj5nBo2Ja-skZMyhW7HjW24GULvwV3_oFEcn5DCNdI2EuCZVSanAFeV9lQDlt1mpGddtDKSSJhtk__oTSwXA55hmAtN5jjy6zfL7b__tR8-X5DY0k6ZYZbMkOcTVPCSlmQWYh58Dk1y0qbwjQ-bidWp1V1VypSOsPg4u4iSYBIJsNJ1APz0Ka-87gK3Bs8KbpGegSV2umlHtcDsMqoy6Uc_ErS19Z2GhpKneoh_POWCr9urxKK3ByW8lecLVhBAiTzvHW9Y0wQHwGAhnVlbUnFf42TCQU1WRmXUR4mxKZV1KdltCXiG40u4ZhxE&client_info=eyJ1aWQiOiIyY2Q5NzhiYi1iOWNmLTQ0MzMtYTJiOC0wMjA1ZTcxYWU4ODYiLCJ1dGlkIjoiZmNmNjcwNTctNTBjOS00YWQ0LTk4ZjMtZmZjYTY0YWRkOWU5In0&state=eyJpZCI6IjAxOWY0YjU2LTczOGItNzMzOS05NjllLWQ3ODQ4YzA0YjJjYiIsIm1ldGEiOnsiaW50ZXJhY3Rpb25UeXBlIjoic2lsZW50In19%7ceyJtc2FsVmVyc2lvbiI6IjUuMTIuMCJ9%7caHR0cHM6Ly9vdXRsb29rLm9mZmljZS5jb20vbWFpbC8_Y3VsdHVyZT1lbi1nYiZjb3VudHJ5PWdi&session_state=006c5e4a-713d-d2d2-b8b2-297b7a4b83a2&clientdata=e%7c%7c%7cmicrosoftonline.com%7cnone:0
[   36915ms] [ERROR] Failed to load resource: the server responded with a status of 404 () @ https://outlook.office.com/PeopleGraphVx/v1.0/people/SMTP:mproctor@ibm.com/fetchResizedPhoto(height=48,width=48,allowResizeUp=true)/$value:0
[   37169ms] [ERROR] Failed to load resource: the server responded with a status of 404 () @ https://outlook.office.com/PeopleGraphVx/v1.0/people/SMTP:IBM_Citi-Corporate-Card-Communication@ibm.com/fetchResizedPhoto(height=120,width=120,allowResizeUp=true)/$value:0
[   38931ms] [ERROR] Failed to load resource: the server responded with a status of 404 () @ https://outlook.office.com/PeopleGraphVx/v1.0/people/SMTP:SAPSuccessFactors@nomail.ibm.com/fetchResizedPhoto(height=120,width=120,allowResizeUp=true)/$value:0
[   40046ms] [ERROR] Failed to load resource: the server responded with a status of 404 () @ https://outlook.office.com/PeopleGraphVx/v1.0/people/SMTP:sschlothauer@sandsmedia.com/fetchResizedPhoto(height=120,width=120,allowResizeUp=true)/$value:0
[   40191ms] [ERROR] Access to fetch at 'https://outlook.office365.com/autodiscover/autodiscover.json/v1.0/mproctor@ibm.com?Protocol=Actions' from origin 'https://outlook.office.com' has been blocked by CORS policy: Response to preflight request doesn't pass access control check: No 'Access-Control-Allow-Origin' header is present on the requested resource. @ https://outlook.office.com/mail/inbox/id/AAQkAGY5MWQ5NDhmLTFhYTEtNGRkNS05ZDFjLTA2Yjg2MDlhMjViYQAQAH%2B0TSQiAvZMsbRk0ZER3w4%3D?culture=en-gb&country=gb&login_hint=O.CiQyY2Q5NzhiYi1iOWNmLTQ0MzMtYTJiOC0wMjA1ZTcxYWU4ODYSJGZjZjY3MDU3LTUwYzktNGFkNC05OGYzLWZmY2E2NGFkZDllORoQbXByb2N0b3JAaWJtLmNvbSBK:0
[   40191ms] [ERROR] Failed to load resource: net::ERR_FAILED @ https://outlook.office365.com/autodiscover/autodiscover.json/v1.0/mproctor@ibm.com?Protocol=Actions:0
[   40215ms] [WARNING] Some icons were re-registered. Applications should only call registerIcons for any given icon once. Redefining what an icon is may have unintended consequences. Duplicates include: 
vNextContactCard, vNextOpen, accdb16_png, accdb16_svg, accdb16_1.5x_png, accdb16_1.5x_svg, accdb16_2x_png, accdb16_3x_png, accdb16_4x_png, aipage16_png (+ 4584 more) @ https://res.cdn.office.net/midgard/versionless/livepersonacard_without-react_d7f8e058d2821012207a.js:1
[   40937ms] [ERROR] Failed to load resource: the server responded with a status of 404 () @ https://outlook.office.com/PeopleGraphVx/v1.0/people/SMTP:ibmernws@internal.ibm.com/fetchResizedPhoto(height=120,width=120,allowResizeUp=true)/$value:0
[   41577ms] [ERROR] Failed to load resource: the server responded with a status of 404 () @ https://teams.cloud.microsoft/ups/global//v1/presence/getpresence:0
[   41752ms] [ERROR] Failed to load resource: the server responded with a status of 404 () @ https://outlook.office.com/imageB2/v1.0/users/info%40mailer.mequilibrium.com/image/resize(width=120,height=120,allowResizeUp=true):0
[   43383ms] [ERROR] Failed to load resource: the server responded with a status of 404 () @ https://outlook.office.com/imageB2/v1.0/users/empcomms%40internal.ibm.com/image/resize(width=120,height=120,allowResizeUp=true):0
[   44088ms] [ERROR] Failed to load resource: the server responded with a status of 404 () @ https://outlook.office.com/imageB2/v1.0/users/IBM_Citi-Corporate-Card-Communication%40ibm.com/image/resize(width=120,height=120,allowResizeUp=true):0
[   50938ms] [ERROR] Failed to load resource: the server responded with a status of 404 () @ https://outlook.office.com/imageB2/v1.0/users/devices%40ibm.com/image/resize(width=120,height=120,allowResizeUp=true):0
[   52328ms] [ERROR] Failed to load resource: the server responded with a status of 404 () @ https://outlook.office.com/imageB2/v1.0/users/devices%40ibm.com/image/resize(width=120,height=120,allowResizeUp=true):0
[   58843ms] [ERROR] Failed to load resource: the server responded with a status of 429 () @ https://outlook.office.com/api/beta/me/translateExchangeIds?n=69&cv=USmAdDWejPDBQ9rndQ5a3R.85:0
[   58843ms] [ERROR] Failed to load resource: the server responded with a status of 429 () @ https://outlook.office.com/api/beta/me/translateExchangeIds?n=67&cv=USmAdDWejPDBQ9rndQ5a3R.83:0
[   58845ms] Error: Translate Exchange Ids POST Request failed.
    at c (https://res.public.onecdn.static.microsoft/owamail/hashed-v1/scripts/owa.7213.m.05a0e029.js:1:1146)
    at async T (https://res.public.onecdn.static.microsoft/owamail/hashed-v1/scripts/owa.7213.m.05a0e029.js:1:2512)
    at async C (https://res.public.onecdn.static.microsoft/owamail/hashed-v1/scripts/owa.7213.m.05a0e029.js:1:3088)
    at async Object.getItem (https://res.public.onecdn.static.microsoft/owamail/hashed-v1/scripts/owa.43863.m.c1a9cd19.js:1:7872)
[   58845ms] [ERROR] Failed to load resource: the server responded with a status of 429 () @ https://outlook.office.com/api/beta/me/translateExchangeIds?n=65&cv=USmAdDWejPDBQ9rndQ5a3R.81:0
[   58845ms] Error: Translate Exchange Ids POST Request failed.
    at c (https://res.public.onecdn.static.microsoft/owamail/hashed-v1/scripts/owa.7213.m.05a0e029.js:1:1146)
    at async T (https://res.public.onecdn.static.microsoft/owamail/hashed-v1/scripts/owa.7213.m.05a0e029.js:1:2512)
    at async C (https://res.public.onecdn.static.microsoft/owamail/hashed-v1/scripts/owa.7213.m.05a0e029.js:1:3088)
    at async Object.getItem (https://res.public.onecdn.static.microsoft/owamail/hashed-v1/scripts/owa.43863.m.c1a9cd19.js:1:7872)
[   58847ms] Error: Translate Exchange Ids POST Request failed.
    at c (https://res.public.onecdn.static.microsoft/owamail/hashed-v1/scripts/owa.7213.m.05a0e029.js:1:1146)
    at async T (https://res.public.onecdn.static.microsoft/owamail/hashed-v1/scripts/owa.7213.m.05a0e029.js:1:2512)
    at async C (https://res.public.onecdn.static.microsoft/owamail/hashed-v1/scripts/owa.7213.m.05a0e029.js:1:3088)
    at async Object.getItem (https://res.public.onecdn.static.microsoft/owamail/hashed-v1/scripts/owa.43863.m.c1a9cd19.js:1:7872)
[   59257ms] [ERROR] Failed to load resource: the server responded with a status of 404 () @ https://teams.cloud.microsoft/ups/global//v1/presence/getpresence:0
[   59320ms] [ERROR] Failed to load resource: the server responded with a status of 404 () @ https://outlook.office.com/imageB2/v1.0/users/mproctor%40ibm.com/image/resize(width=120,height=120,allowResizeUp=true):0
[   62052ms] [ERROR] Failed to load resource: the server responded with a status of 404 () @ https://outlook.office.com/imageB2/v1.0/users/devices%40ibm.com/image/resize(width=120,height=120,allowResizeUp=true):0
[   79131ms] [ERROR] Failed to load resource: the server responded with a status of 403 (Forbidden) @ https://graph.microsoft.com/v1.0/organization/fcf67057-50c9-4ad4-98f3-ffca64add9e9/serviceProvisioningInfo:0
[ 2633165ms] [ERROR] Failed to load resource: the server responded with a status of 422 () @ https://outlook.office.com/imageB2/v1.0/users/OP-HarmonyGroup%40ibm.onmicrosoft.com/image/resize(width=120,height=120,allowResizeUp=true):0
[ 4561619ms] [ERROR] Failed to load resource: the server responded with a status of 404 () @ https://outlook.office.com/imageB2/v1.0/users/devices%40ibm.com/image/resize(width=120,height=120,allowResizeUp=true):0
[ 4693092ms] [ERROR] Failed to load resource: the server responded with a status of 404 () @ https://teams.cloud.microsoft/ups/global//v1/presence/getpresence:0
[ 4788799ms] [ERROR] Failed to load resource: the server responded with a status of 404 () @ https://outlook.office.com/imageB2/v1.0/users/adinn%40ibm.com/image/resize(width=120,height=120,allowResizeUp=true):0
[ 4789063ms] [ERROR] Failed to load resource: the server responded with a status of 404 () @ https://outlook.office.com/imageB2/v1.0/users/asmehra%40ibm.com/image/resize(width=120,height=120,allowResizeUp=true):0
[ 5921564ms] [ERROR] Failed to load resource: net::ERR_QUIC_PROTOCOL_ERROR @ https://outlook.office.com/owa/notificationchannel?cid=98d98901-6ff4-3416-cc68-39d23db5c21d&UA=0&id=AGPX1WEFcOMp4V3VZ3nPOw:0
[12108403ms] [ERROR] Failed to load resource: net::ERR_QUIC_PROTOCOL_ERROR @ https://outlook.office.com/owa/notificationchannel?cid=98d98901-6ff4-3416-cc68-39d23db5c21d&UA=0&id=3rlm49XdD8J8gNNc-rcYnQ:0
[12603481ms] [ERROR] Failed to load resource: the server responded with a status of 404 () @ https://outlook.office.com/imageB2/v1.0/users/mproctor%40ibm.com/image/resize(width=120,height=120,allowResizeUp=true):0
[12603980ms] [ERROR] Failed to load resource: the server responded with a status of 404 () @ https://outlook.office.com/imageB2/v1.0/users/bcc.vas.ibmcio%40dhl.com/image/resize(width=120,height=120,allowResizeUp=true):0
[12607427ms] [ERROR] Failed to load resource: the server responded with a status of 404 () @ https://teams.cloud.microsoft/ups/global//v1/presence/getpresence:0
[15689787ms] [ERROR] Failed to load resource: the server responded with a status of 404 () @ https://outlook.office.com/imageB2/v1.0/users/bcc.vas.ibmcio%40dhl.com/image/resize(width=120,height=120,allowResizeUp=true):0
[15690627ms] [ERROR] Failed to load resource: the server responded with a status of 404 () @ https://outlook.office.com/imageB2/v1.0/users/gandrian%40ibm.com/image/resize(width=120,height=120,allowResizeUp=true):0
[15709680ms] [ERROR] WebSocket is already in CLOSING or CLOSED state. @ https://res.public.onecdn.static.microsoft/owamail/hashed-v1/scripts/owa.28694.m.f236c42b.js:3
[15710525ms] [ERROR] Access to fetch at 'https://attachments.office.net/owa/auth/errorFE.aspx?httpCode=404' (redirected from 'https://attachments.office.net/owa/mproctor%40ibm.com/service.svc/s/GetAttachmentThumbnail?id=AAkALgAAAAAAHYQDEapmEc2byACqAC%2FEWg0Atiav7PX%2FaUKmSI%2BB7fwEpgAA%2FtLyZwAAARIAEACZ2a8uptnMQZLOW0m8R6Lt&thumbnailType=2&X-OWA-CANARY=X-OWA-CANARY_cookie_is_null_or_empty&owa=outlook.office.com&scriptVer=20260703008.04&clientId=AAAB71C31581448A8745252B6AE87753&origin=9&animation=true') from origin 'https://outlook.office.com' has been blocked by CORS policy: Response to preflight request doesn't pass access control check: Redirect is not allowed for a preflight request. @ https://outlook.office.com/mail/id/AAQkAGY5MWQ5NDhmLTFhYTEtNGRkNS05ZDFjLTA2Yjg2MDlhMjViYQAQALCEctgl4ZlLvmiXlppvxp8%3D?culture=en-gb&country=gb:0
[15710525ms] [ERROR] Failed to load resource: net::ERR_FAILED @ https://attachments.office.net/owa/auth/errorFE.aspx?httpCode=404:0
[15710880ms] [ERROR] Access to XMLHttpRequest at 'https://attachments.office.net/owa/auth/errorFE.aspx?httpCode=404' (redirected from 'https://attachments.office.net/owa/mproctor%40ibm.com/service.svc/s/GetAttachmentThumbnail?id=AAkALgAAAAAAHYQDEapmEc2byACqAC%2FEWg0Atiav7PX%2FaUKmSI%2BB7fwEpgAA%2FtLyZwAAARIAEACZ2a8uptnMQZLOW0m8R6Lt&thumbnailType=2&X-OWA-CANARY=X-OWA-CANARY_cookie_is_null_or_empty&owa=outlook.office.com&scriptVer=20260703008.04&clientId=AAAB71C31581448A8745252B6AE87753&origin=9&animation=true') from origin 'https://outlook.office.com' has been blocked by CORS policy: Response to preflight request doesn't pass access control check: Redirect is not allowed for a preflight request. @ https://outlook.office.com/mail/id/AAQkAGY5MWQ5NDhmLTFhYTEtNGRkNS05ZDFjLTA2Yjg2MDlhMjViYQAQALCEctgl4ZlLvmiXlppvxp8%3D?culture=en-gb&country=gb:0
[15710882ms] [ERROR] Failed to load resource: net::ERR_FAILED @ https://attachments.office.net/owa/auth/errorFE.aspx?httpCode=404:0
[15834678ms] [ERROR] Failed to load resource: the server responded with a status of 404 () @ https://teams.cloud.microsoft/ups/global//v1/presence/getpresence:0
[19104822ms] [ERROR] Failed to load resource: net::ERR_QUIC_PROTOCOL_ERROR.QUIC_PUBLIC_RESET @ https://outlook.office.com/owa/notificationchannel?cid=98d98901-6ff4-3416-cc68-39d23db5c21d&UA=0&id=W4Aow7BKWOqkBIVyYsRJzg:0
[19175501ms] [ERROR] Failed to load resource: net::ERR_QUIC_PROTOCOL_ERROR.QUIC_PUBLIC_RESET @ https://outlook.office.com/owa/notificationchannel?cid=98d98901-6ff4-3416-cc68-39d23db5c21d&UA=0&id=trqEXYzUcTLHmgzeAXIYAA:0
[19267477ms] [ERROR] Failed to load resource: net::ERR_QUIC_PROTOCOL_ERROR.QUIC_PUBLIC_RESET @ https://outlook.office.com/owa/notificationchannel?cid=98d98901-6ff4-3416-cc68-39d23db5c21d&UA=0&id=D_VTWxgYXIjpNI8UVC77Dg:0
[19391916ms] [ERROR] Failed to load resource: net::ERR_QUIC_PROTOCOL_ERROR.QUIC_PUBLIC_RESET @ https://outlook.office.com/owa/notificationchannel?cid=98d98901-6ff4-3416-cc68-39d23db5c21d&UA=0&id=SluG002wtYAAY3yEwKbxCA:0
[19517114ms] [ERROR] Failed to load resource: net::ERR_QUIC_PROTOCOL_ERROR.QUIC_PUBLIC_RESET @ https://outlook.office.com/owa/notificationchannel?cid=98d98901-6ff4-3416-cc68-39d23db5c21d&UA=0&id=fcDYfGtAh2K5obGYhQxr3Q:0
[20076662ms] [ERROR] Failed to load resource: net::ERR_QUIC_PROTOCOL_ERROR.QUIC_PUBLIC_RESET @ https://outlook.office.com/owa/notificationchannel?cid=98d98901-6ff4-3416-cc68-39d23db5c21d&UA=0&id=VHt85glbHpKbzE6GkGXNtw:0
[22910317ms] [ERROR] Failed to load resource: net::ERR_QUIC_PROTOCOL_ERROR @ https://outlook.office.com/owa/notificationchannel?cid=98d98901-6ff4-3416-cc68-39d23db5c21d&UA=0&id=djcP3QRbjAriIZ7l2xZuAQ:0
[27860014ms] [ERROR] Failed to load resource: net::ERR_QUIC_PROTOCOL_ERROR.QUIC_PACKET_WRITE_ERROR @ https://outlook.office.com/owa/notificationchannel?cid=98d98901-6ff4-3416-cc68-39d23db5c21d&UA=0&id=gj_iD1txlMr7ADENjL2oBA:0
[28815184ms] [ERROR] Failed to load resource: net::ERR_INTERNET_DISCONNECTED @ https://outlook.office.com/owa/notificationchannel/negotiate?cid=98d98901-6ff4-3416-cc68-39d23db5c21d&UA=0&negotiateVersion=1:0
[29195080ms] [ERROR] Failed to load resource: net::ERR_INTERNET_DISCONNECTED @ https://teams.cloud.microsoft/ups/noam//v1/presence/getpresence:0
[29210074ms] [ERROR] Failed to load resource: net::ERR_INTERNET_DISCONNECTED @ https://outlook.office.com/owa/notificationchannel/negotiate?cid=98d98901-6ff4-3416-cc68-39d23db5c21d&UA=0&negotiateVersion=1:0
[29240868ms] [ERROR] Failed to load resource: net::ERR_INTERNET_DISCONNECTED @ https://outlook.office.com/owa/notificationchannel/negotiate?cid=98d98901-6ff4-3416-cc68-39d23db5c21d&UA=0&negotiateVersion=1:0
[29258225ms] [ERROR] Failed to load resource: net::ERR_INTERNET_DISCONNECTED @ https://outlook.office.com/owa/notificationchannel/negotiate?cid=98d98901-6ff4-3416-cc68-39d23db5c21d&UA=0&negotiateVersion=1:0
[33652947ms] [ERROR] Failed to load resource: net::ERR_NAME_NOT_RESOLVED @ https://outlook.office.com/owa/service.svc?action=GetAttachmentDownloadToken&UA=0&app=Mail&n=354:0
[34343787ms] [ERROR] Failed to load resource: net::ERR_INTERNET_DISCONNECTED @ https://outlook.office.com/owa/service.svc?action=GetAttachmentDownloadToken&UA=0&app=Mail&n=355:0
[34347069ms] [ERROR] Failed to load resource: net::ERR_QUIC_PROTOCOL_ERROR.QUIC_PACKET_WRITE_ERROR @ https://outlook.office.com/owa/notificationchannel?cid=98d98901-6ff4-3416-cc68-39d23db5c21d&UA=0&id=LbOrk05KQrSPNTdNjBigMg:0
[34349863ms] [ERROR] Failed to load resource: net::ERR_INTERNET_DISCONNECTED @ https://outlook.office.com/owa/service.svc?action=GetAccessTokenforResource&UA=0&app=Mail&n=356:0
[34746701ms] [ERROR] Failed to load resource: net::ERR_QUIC_PROTOCOL_ERROR.QUIC_PUBLIC_RESET @ https://outlook.office.com/owa/notificationchannel?cid=98d98901-6ff4-3416-cc68-39d23db5c21d&UA=0&id=3P_iXqcSYwI9c3_s7IUpNA:0
[35578667ms] [ERROR] Failed to load resource: net::ERR_NETWORK_IO_SUSPENDED @ https://outlook.office.com/owa/notificationchannel?cid=98d98901-6ff4-3416-cc68-39d23db5c21d&UA=0&id=IAg7cbwHfIrVvFDY9X54tw:0
[36646068ms] [ERROR] Failed to load resource: net::ERR_QUIC_PROTOCOL_ERROR.QUIC_PUBLIC_RESET @ https://outlook.office.com/owa/notificationchannel?cid=98d98901-6ff4-3416-cc68-39d23db5c21d&UA=0&id=Ee8NHk4chlrOJ0-IH-9ILA:0
[37501090ms] [ERROR] Failed to load resource: the server responded with a status of 440 () @ https://outlook.office.com/owa/service.svc?action=GetAttachmentDownloadToken&UA=0&app=Mail&n=383:0
[37501117ms] [WARNING] An iframe which has both allow-scripts and allow-same-origin for its sandbox attribute can escape its sandboxing. @ https://res.public.onecdn.static.microsoft/owamail/hashed-v1/scripts/owa.98434.m.7caff0a4.js:0
[37501891ms] [LOG] JQMIGRATE: Migrate is installed, version 3.3.2 @ https://aadcdn.msauth.net/ests/2.1/content/cdnbundles/jquery.3.5.min_dc940oomzau4rsu8qesnvg2.js:4
[37501892ms] [LOG] JQMIGRATE: Migrate is installed, version 1.4.1 @ https://aadcdn.msauth.net/ests/2.1/content/cdnbundles/jquery.3.5.min_dc940oomzau4rsu8qesnvg2.js:7
[37502364ms] [ERROR] Framing 'https://login.w3.ibm.com/' violates the following Content Security Policy directive: "frame-ancestors 'self' https://*.ibm.com https://*.force.com https://*.service-now.com https://*.lightning.force.com https://*.visualforce.com https://*.multicloud-ibm.com https://*.seismic.com https://*.wdc.dst.ibm.com https://*.mail.ibm.com https://*.my.salesforce.com https://*.salesforce.com https://*.ondemand.com https://*.start-at-ibm-home.cis.ibm.net https://*.adobe.com https://*.enable-now.cloud.sap https://*.sapsf.com https://*.accounts.ondemand.com https://*.hana.ondemand.com". The request has been blocked.
 @ :0
[37505680ms] [ERROR] Framing 'https://onedrive.cloud.microsoft/' violates the following Content Security Policy directive: "frame-ancestors 'self' teams.microsoft.com *.teams.microsoft.com *.skype.com *.teams.microsoft.us local.teams.office.com teams.cloud.microsoft *.office365.com goals.cloud.microsoft *.powerapps.com *.powerbi.com *.yammer.com engage.cloud.microsoft word.cloud.microsoft excel.cloud.microsoft powerpoint.cloud.microsoft *.officeapps.live.com *.office.com *.microsoft365.com m365.cloud.microsoft *.cloud.microsoft *.stream.azure-test.net *.dynamics.com *.microsoft.com onedrive.live.com *.onedrive.live.com teams.microsoft.com *.teams.microsoft.com securebroker.sharepointonline.com". The request has been blocked.
 @ :0
